Microchip MPLAB XC8 Compiler V2.41

Linker command line:

-W-3 \
  --edf=C:\Program Files\Microchip\xc8\v2.41\pic\dat\20230208172133_en.msgs \
  -cn -h+dist/default/production\lcdtest877a.X.production.sym \
  --cmf=dist/default/production\lcdtest877a.X.production.cmf -z -Q16F877A \
  -oC:\Users\Henrique\AppData\Local\Temp\xcAs860.\driver_tmp_3.o \
  --defsym=__MPLAB_BUILD=1 --fixupoverflow=error \
  -Mdist/default/production/lcdtest877a.X.production.map \
  --md=C:\Users\Henrique\AppData\Local\Temp\xcAs860.\driver_tmp_0.dat -E1 \
  -ver=XC8 Compiler --acfsm=1493 -ACODE=00h-07FFhx4 -ASTRCODE=00h-01FFFh \
  -ASTRING=00h-0FFhx32 -ACONST=00h-0FFhx32 -AENTRY=00h-0FFhx32 \
  -ACOMMON=070h-07Fh -ABANK0=020h-06Fh -ABANK1=0A0h-0EFh \
  -ABANK2=0110h-016Fh -ABANK3=0190h-01EFh \
  -ARAM=020h-06Fh,0A0h-0EFh,0110h-016Fh,0190h-01EFh \
  -AABS1=020h-07Fh,0A0h-0EFh,0110h-016Fh,0190h-01EFh -ASFR0=00h-01Fh \
  -ASFR1=080h-09Fh -ASFR2=0100h-010Fh -ASFR3=0180h-018Fh \
  -ACONFIG=02007h-02007h -DCONFIG=2 -AIDLOC=02000h-02003h -DIDLOC=2 \
  -AEEDATA=00h-0FFh/02100h -peeprom_data=EEDATA -DEEDATA=2 -DCODE=2 \
  -DSTRCODE=2 -DSTRING=2 -DCONST=2 -DENTRY=2 \
  -preset_vec=00h,intentry=04h,init,end_init -ppowerup=CODE -pcinit=CODE \
  -pfunctab=ENTRY -k \
  C:\Users\Henrique\AppData\Local\Temp\xcAs860.\driver_tmp_12.o \
  dist/default/production\lcdtest877a.X.production.o 

Object code version is 3.11

Machine type is 16F877A



                Name                               Link     Load   Length Selector   Space Scale
C:\Users\Henrique\AppData\Local\Temp\xcAs860.\driver_tmp_12.o
                end_init                             10       10        3        8       0
                reset_vec                             0        0        3        0       0
                config                             2007     2007        1        0       4
                idloc                              2000     2000        4        0       5
dist/default/production\lcdtest877a.X.production.o
                cinit                                13       13       26        8       0
                intentry                              4        4        C        8       0
                config                             2007     2007        1        0       4
                idloc                              2000     2000        4        0       5
                text8                               1E8      1E8       49        8       0
                text7                               2ED      2ED       2F        8       0
                text6                               2B4      2B4       39        8       0
                text5                               175      175       73        8       0
                text4                               231      231       45        8       0
                text3                               276      276       3E        8       0
                text2                                39       39       B1        8       0
                text1                               31C      31C       17        8       0
                maintext                             EA       EA       8B        8       0
                cstackBANK0                          20       20       2A       20       1
                cstackCOMMON                         70       70        5       70       1
                clrtext                             35A      35A        8        8       0
                inittext                            347      347       13        8       0
                bssBANK1                             A0       A0       32       A0       1
                dataBANK0                            4A       4A       14       20       1
                bssBANK0                             5E       5E        A       20       1
                bssCOMMON                            75       75        4       70       1
                nvBANK0                              68       68        6       20       1
                idataBANK0                          333      333       14        8       0

TOTAL           Name                               Link     Load   Length     Space
        CLASS   CODE           
                end_init                             10       10        3         0
                cinit                                13       13       26         0
                intentry                              4        4        C         0
                reset_vec                             0        0        3         0
                text8                               1E8      1E8       49         0
                text7                               2ED      2ED       2F         0
                text6                               2B4      2B4       39         0
                text5                               175      175       73         0
                text4                               231      231       45         0
                text3                               276      276       3E         0
                text2                                39       39       B1         0
                text1                               31C      31C       17         0
                maintext                             EA       EA       8B         0
                clrtext                             35A      35A        8         0
                inittext                            347      347       13         0
                idataBANK0                          333      333       14         0

        CLASS   STRCODE        

        CLASS   STRING         

        CLASS   CONST          

        CLASS   ENTRY          

        CLASS   COMMON         
                cstackCOMMON                         70       70        5         1
                bssCOMMON                            75       75        4         1

        CLASS   BANK0          
                cstackBANK0                          20       20       2A         1
                dataBANK0                            4A       4A       14         1
                bssBANK0                             5E       5E        A         1
                nvBANK0                              68       68        6         1

        CLASS   BANK1          
                bssBANK1                             A0       A0       32         1

        CLASS   BANK2          

        CLASS   BANK3          

        CLASS   RAM            

        CLASS   ABS1           
                abs_s1                               7E       7E        2         1

        CLASS   SFR0           

        CLASS   SFR1           

        CLASS   SFR2           

        CLASS   SFR3           

        CLASS   CONFIG         
                config                             2007     2007        1         4

        CLASS   IDLOC          
                idloc                              2000     2000        4         5

        CLASS   EEDATA         

        CLASS   STACK          



SEGMENTS        Name                           Load    Length   Top    Selector   Space  Class     Delta

                reset_vec                      000000  000003  000003         0       0  CODE        2
                intentry                       000004  00035E  000362         8       0  CODE        2
                cstackBANK0                    000020  00004E  00006E        20       1  BANK0       1
                cstackCOMMON                   000070  000009  000079        70       1  COMMON      1
                bssBANK1                       0000A0  000032  0000D2        A0       1  BANK1       1


UNUSED ADDRESS RANGES

        Name                Unused          Largest block    Delta
        BANK0            006E-006F              2           1
        BANK1            00D2-00EF             1E           1
        BANK2            0110-016F             60           1
        BANK3            0190-01EF             60           1
        CODE             0003-0003              1           2
                         0362-1FFF            800
        COMMON           0079-007D              5           1
        CONST            0003-0003              1           2
                         0362-1FFF            100
        EEDATA           2100-21FF            100           2
        ENTRY            0003-0003              1           2
                         0362-1FFF            100
        RAM              006E-006F              2           1
                         00D2-00EF             1E
                         0110-016F             60
                         0190-01EF             60
        SFR0             0000-001F             20           1
        SFR1             0080-009F             20           1
        SFR2             0100-010F             10           1
        SFR3             0180-018F             10           1
        STRCODE          0003-0003              1           2
                         0362-1FFF           1C9E
        STRING           0003-0003              1           2
                         0362-1FFF            100

                                  Symbol Table

_D4                      bssCOMMON    0075
_D5                      bssBANK0     0062
_D6                      bssBANK0     0060
_D7                      bssBANK0     005E
_EN                      bssBANK0     0064
_GIE                     (abs)        005F
_PEIE                    (abs)        005E
_PIR1bits                (abs)        000C
_PORTB                   (abs)        0006
_PORTC                   (abs)        0007
_RC0                     (abs)        0038
_RCIE                    (abs)        0465
_RCIF                    (abs)        0065
_RCREG                   (abs)        001A
_RCSTA                   (abs)        0018
_RS                      bssBANK0     0066
_SPBRG                   (abs)        0099
_TRISB                   (abs)        0086
_TRISC                   (abs)        0087
_TRISCbits               (abs)        0087
_TRMT                    (abs)        04C1
_TXREG                   (abs)        0019
_TXSTA                   (abs)        0098
__H__absolute__          __absolute__ 0000
__Habs1                  abs1         0000
__Hbank0                 bank0        0000
__Hbank1                 bank1        0000
__Hbank2                 bank2        0000
__Hbank3                 bank3        0000
__HbssBANK0              bssBANK0     0000
__HbssBANK1              bssBANK1     0000
__HbssCOMMON             bssCOMMON    0000
__Hcinit                 cinit        0039
__Hclrtext               clrtext      0000
__Hcode                  code         0000
__Hcommon                common       0000
__Hconfig                config       2008
__HcstackBANK0           cstackBANK0  0000
__HcstackCOMMON          cstackCOMMON 0000
__HdataBANK0             dataBANK0    0000
__Heeprom_data           eeprom_data  0000
__Hend_init              end_init     0013
__Hfunctab               functab      0000
__HidataBANK0            idataBANK0   0000
__Hidloc                 idloc        2004
__Hinit                  init         0010
__Hinittext              inittext     0000
__Hintentry              intentry     0010
__Hmaintext              maintext     0000
__HnvBANK0               nvBANK0      0000
__Hpowerup               powerup      0000
__Hram                   ram          0000
__Hreset_vec             reset_vec    0003
__Hsfr0                  sfr0         0000
__Hsfr1                  sfr1         0000
__Hsfr2                  sfr2         0000
__Hsfr3                  sfr3         0000
__Hspace_0               (abs)        0362
__Hspace_1               (abs)        00D2
__Hspace_2               (abs)        0000
__Hspace_3               (abs)        0000
__Hspace_4               (abs)        400F
__Hstack                 stack        0000
__Hstrings               strings      0000
__Htext                  text         0000
__L__absolute__          __absolute__ 0000
__Labs1                  abs1         0000
__Lbank0                 bank0        0000
__Lbank1                 bank1        0000
__Lbank2                 bank2        0000
__Lbank3                 bank3        0000
__LbssBANK0              bssBANK0     0000
__LbssBANK1              bssBANK1     0000
__LbssCOMMON             bssCOMMON    0000
__Lcinit                 cinit        0013
__Lclrtext               clrtext      0000
__Lcode                  code         0000
__Lcommon                common       0000
__Lconfig                config       0000
__LcstackBANK0           cstackBANK0  0000
__LcstackCOMMON          cstackCOMMON 0000
__LdataBANK0             dataBANK0    0000
__Leeprom_data           eeprom_data  0000
__Lend_init              end_init     0010
__Lfunctab               functab      0000
__LidataBANK0            idataBANK0   0000
__Lidloc                 idloc        0000
__Linit                  init         0010
__Linittext              inittext     0000
__Lintentry              intentry     0004
__Lmaintext              maintext     0000
__LnvBANK0               nvBANK0      0000
__Lpowerup               powerup      0000
__Lram                   ram          0000
__Lreset_vec             reset_vec    0000
__Lsfr0                  sfr0         0000
__Lsfr1                  sfr1         0000
__Lsfr2                  sfr2         0000
__Lsfr3                  sfr3         0000
__Lspace_0               (abs)        0000
__Lspace_1               (abs)        0000
__Lspace_2               (abs)        0000
__Lspace_3               (abs)        0000
__Lspace_4               (abs)        0000
__Lstack                 stack        0000
__Lstrings               strings      0000
__Ltext                  text         0000
__S0                     (abs)        0362
__S1                     (abs)        00D2
__S3                     (abs)        0000
___int_sp                stack        0000
___latbits               (abs)        0002
___sp                    stack        0000
___stackhi               (abs)        0000
___stacklo               (abs)        0000
__end_of__initialization cinit        0035
__end_of_byte            text4        0276
__end_of_enable          text6        02ED
__end_of_escreve         text3        02B4
__end_of_isr             text8        0231
__end_of_lcd_init        text2        00EA
__end_of_main            maintext     0175
__end_of_muda_pin        text7        031C
__end_of_nibble          text5        01E8
__end_of_uart_init       text1        0333
__initialization         cinit        0013
__pbssBANK0              bssBANK0     005E
__pbssBANK1              bssBANK1     00A0
__pbssCOMMON             bssCOMMON    0075
__pcstackBANK0           cstackBANK0  0020
__pcstackCOMMON          cstackCOMMON 0070
__pdataBANK0             dataBANK0    004A
__pidataBANK0            idataBANK0   0333
__pintentry              intentry     0004
__pmaintext              maintext     00EA
__pnvBANK0               nvBANK0      0068
__ptext1                 text1        031C
__ptext2                 text2        0039
__ptext3                 text3        0276
__ptext4                 text4        0231
__ptext5                 text5        0175
__ptext6                 text6        02B4
__ptext7                 text7        02ED
__ptext8                 text8        01E8
_buffer                  bssBANK1     00A0
_buffer_pos              bssCOMMON    0077
_byte                    text4        0231
_enable                  text6        02B4
_escreve                 text3        0276
_isr                     text8        01E8
_lcd_init                text2        0039
_lcd_pins                dataBANK0    0052
_main                    maintext     00EA
_muda_pin                text7        02ED
_nibble                  text5        0175
_port_data               nvBANK0      0068
_port_en                 nvBANK0      006A
_port_rs                 nvBANK0      006C
_uart_init               text1        031C
btemp                    (abs)        007E
byte@dado                cstackBANK0  002D
byte@escreve             cstackBANK0  002B
clear_ram0               clrtext      035A
end_of_initialization    cinit        0035
escreve@col              cstackBANK0  0031
escreve@lin              cstackBANK0  0033
escreve@str              cstackBANK0  0032
init_fetch0              inittext     0347
init_ram0                inittext     034B
interrupt_function       intentry     0004
intlevel0                functab      0000
intlevel1                functab      0000
intlevel2                functab      0000
intlevel3                functab      0000
intlevel4                functab      0000
intlevel5                functab      0000
isr@data                 cstackCOMMON 0074
lcd_init@lcd_pins        cstackBANK0  0033
main@apresenta           cstackBANK0  0036
main@ativo               cstackBANK0  0046
main@i                   cstackBANK0  0048
muda_pin@_pin            cstackBANK0  0022
muda_pin@_port           cstackBANK0  0020
muda_pin@_val            cstackBANK0  0024
nibble@dado              cstackBANK0  0027
reset_vec                reset_vec    0000
saved_w                  (abs)        007E
start                    init         0010
start_initialization     cinit        0013
wtemp0                   (abs)        007E


MODULE INFORMATION

Module		Function		Class		Link	Load	Size
lcdtest.c
		_main          		CODE           	00EA	0000	139
		_uart_init     		CODE           	031C	0000	23
		_isr           		CODE           	01E8	0000	73

lcdtest.c estimated size: 235

shared
		__initialization		CODE           	0013	0000	34

shared estimated size: 34

bibliotec_lcd.c
		_escreve       		CODE           	0276	0000	62
		_byte          		CODE           	0231	0000	69
		_enable        		CODE           	02B4	0000	57
		_nibble        		CODE           	0175	0000	115
		_muda_pin      		CODE           	02ED	0000	47
		_lcd_init      		CODE           	0039	0000	177

bibliotec_lcd.c estimated size: 527

