Microchip MPLAB XC8 Compiler V2.41

Linker command line:

-W-3 \
  --edf=C:\Program Files\Microchip\xc8\v2.41\pic\dat\20230208172133_en.msgs \
  -cn -h+.ca/dist/Config_2ActiveCA/production\CONTROLE.X.production.sym \
  --cmf=.ca/dist/Config_2ActiveCA/production\CONTROLE.X.production.cmf -z \
  -Q16F887 -oC:\Users\Henrique\AppData\Local\Temp\xcAschc.\driver_tmp_3.o \
  --defsym=__MPLAB_BUILD=1 --fixupoverflow=error \
  -M.ca/dist/Config_2ActiveCA/production/CONTROLE.X.production.map \
  --md=C:\Users\Henrique\AppData\Local\Temp\xcAschc.\driver_tmp_0.dat -E1 \
  -ver=XC8 Compiler --acfsm=1493 -ACODE=00h-07FFhx4 -ASTRCODE=00h-01FFFh \
  -ASTRING=00h-0FFhx32 -ACONST=00h-0FFhx32 -AENTRY=00h-0FFhx32 \
  -ACOMMON=070h-07Fh -ABANK0=020h-06Fh -ABANK1=0A0h-0EFh \
  -ABANK2=0110h-016Fh -ABANK3=0190h-01EFh \
  -ARAM=020h-06Fh,0A0h-0EFh,0110h-016Fh,0190h-01EFh \
  -AABS1=020h-07Fh,0A0h-0EFh,0110h-016Fh,0190h-01EFh -ASFR0=00h-01Fh \
  -ASFR1=080h-09Fh -ASFR2=0100h-010Fh -ASFR3=0180h-018Fh \
  -ACONFIG=02007h-02008h -DCONFIG=2 -AIDLOC=02000h-02003h -DIDLOC=2 \
  -AEEDATA=00h-0FFh/02100h -peeprom_data=EEDATA -DEEDATA=2 -DCODE=2 \
  -DSTRCODE=2 -DSTRING=2 -DCONST=2 -DENTRY=2 \
  -preset_vec=00h,intentry=04h,init,end_init -ppowerup=CODE -pcinit=CODE \
  -pfunctab=ENTRY -k \
  C:\Users\Henrique\AppData\Local\Temp\xcAschc.\driver_tmp_17.o \
  .ca/dist/Config_2ActiveCA/production\CONTROLE.X.production.o 

Object code version is 3.11

Machine type is 16F887



                Name                               Link     Load   Length Selector   Space Scale
C:\Users\Henrique\AppData\Local\Temp\xcAschc.\driver_tmp_17.o
                end_init                              C        C        3        8       0
                reset_vec                             0        0        3        0       0
                config                             2007     2007        2        0       4
                idloc                              2000     2000        4        0       5
.ca/dist/Config_2ActiveCA/production\CONTROLE.X.production.o
                cinit                                 F        F       26        8       0
                intentry                              4        4        8        8       0
                config                             2007     2007        2        0       4
                idloc                              2000     2000        4        0       5
                text34                             1D14     1D14       14     3A28       0
                text33                             1669     1669      197     2CD2       0
                text32                              7DA      7DA       23        8       0
                text31                              9FF      9FF      2D9     13FE       0
                text30                             11DD     11DD       A2     23BA       0
                text29                             13C5     13C5       AE     278A       0
                text28                             1D28     1D28       17     3A50       0
                text27                             1CCA     1CCA        C     3994       0
                text26                             1CE2     1CE2        E     39C4       0
                text25                             1D01     1D01       13     3A02       0
                text24                             1D9D     1D9D       2B     3B3A       0
                text23                             1DC8     1DC8       39     3B90       0
                text22                             10CE     10CE       7A     219C       0
                text21                              803      803       45     1006       0
                text20                             1473     1473       D0     28E6       0
                text19                             1E01     1E01       49     3C02       0
                text18                             1148     1148       95     2290       0
                text17                             1CC1     1CC1        9     3982       0
                text16                              5DD      5DD      1FD        8       0
                text15                             1D3F     1D3F       1E     3A7E       0
                text14                             1F99     1F99       67     3F32       0
                text13                             1F3A     1F3A       5F     3E74       0
                text12                             1E95     1E95       4C     3D2A       0
                text11                             1D7C     1D7C       21     3AF8       0
                text10                             127F     127F       A3     24FE       0
                text9                              1322     1322       A3     2644       0
                text8                              10AD     10AD       21     215A       0
                text7                              1D5D     1D5D       1F     3ABA       0
                text6                               848      848      1B7     1090       0
                text5                              1EE1     1EE1       59     3DC2       0
                text4                              1E4A     1E4A       4B     3C94       0
                text3                               CD8      CD8      328     19B0       0
                text2                                35       35      5A8        8       0
                text1                              1CBA     1CBA        7     3974       0
                maintext                           1543     1543      126     2A86       0
                cstackBANK0                          20       20       50       20       1
                cstackCOMMON                         70       70        A       70       1
                cstackBANK1                          A0       A0       27       A0       1
                cstackBANK3                         190      190       26      190       1
                inittext                           1CF0     1CF0       11     39E0       0
                dataBANK3                           1B6      1B6        C      190       1
                bssBANK3                            1C2      1C2        A      190       1
                bssBANK1                             C7       C7        7       A0       1
                bssCOMMON                            7A       7A        2       70       1
                strings                            1000     1000       AD     2000       0
                idataBANK3                         1CD6     1CD6        C     39AC       0

TOTAL           Name                               Link     Load   Length     Space
        CLASS   CODE           
                end_init                              C        C        3         0
                cinit                                 F        F       26         0
                intentry                              4        4        8         0
                reset_vec                             0        0        3         0
                text34                             1D14     1D14       14         0
                text33                             1669     1669      197         0
                text32                              7DA      7DA       23         0
                text31                              9FF      9FF      2D9         0
                text30                             11DD     11DD       A2         0
                text29                             13C5     13C5       AE         0
                text28                             1D28     1D28       17         0
                text27                             1CCA     1CCA        C         0
                text26                             1CE2     1CE2        E         0
                text25                             1D01     1D01       13         0
                text24                             1D9D     1D9D       2B         0
                text23                             1DC8     1DC8       39         0
                text22                             10CE     10CE       7A         0
                text21                              803      803       45         0
                text20                             1473     1473       D0         0
                text19                             1E01     1E01       49         0
                text18                             1148     1148       95         0
                text17                             1CC1     1CC1        9         0
                text16                              5DD      5DD      1FD         0
                text15                             1D3F     1D3F       1E         0
                text14                             1F99     1F99       67         0
                text13                             1F3A     1F3A       5F         0
                text12                             1E95     1E95       4C         0
                text11                             1D7C     1D7C       21         0
                text10                             127F     127F       A3         0
                text9                              1322     1322       A3         0
                text8                              10AD     10AD       21         0
                text7                              1D5D     1D5D       1F         0
                text6                               848      848      1B7         0
                text5                              1EE1     1EE1       59         0
                text4                              1E4A     1E4A       4B         0
                text3                               CD8      CD8      328         0
                text2                                35       35      5A8         0
                text1                              1CBA     1CBA        7         0
                maintext                           1543     1543      126         0
                inittext                           1CF0     1CF0       11         0
                idataBANK3                         1CD6     1CD6        C         0

        CLASS   STRCODE        

        CLASS   STRING         
                strings                            1000     1000       AD         0

        CLASS   CONST          

        CLASS   ENTRY          

        CLASS   COMMON         
                cstackCOMMON                         70       70        A         1
                bssCOMMON                            7A       7A        2         1

        CLASS   BANK0          
                cstackBANK0                          20       20       50         1

        CLASS   BANK1          
                cstackBANK1                          A0       A0       27         1
                bssBANK1                             C7       C7        7         1

        CLASS   BANK2          

        CLASS   BANK3          
                cstackBANK3                         190      190       26         1
                dataBANK3                           1B6      1B6        C         1
                bssBANK3                            1C2      1C2        A         1

        CLASS   RAM            

        CLASS   ABS1           
                abs_s1                               7E       7E        2         1

        CLASS   SFR0           

        CLASS   SFR1           

        CLASS   SFR2           

        CLASS   SFR3           

        CLASS   CONFIG         
                config                             2007     2007        2         4

        CLASS   IDLOC          
                idloc                              2000     2000        4         5

        CLASS   EEDATA         

        CLASS   STACK          



SEGMENTS        Name                           Load    Length   Top    Selector   Space  Class     Delta

                reset_vec                      000000  000003  000003         0       0  CODE        2
                intentry                       000004  0007F9  0007FD         8       0  CODE        2
                cstackBANK0                    000020  000050  000070        20       1  BANK0       1
                cstackCOMMON                   000070  00000C  00007C        70       1  COMMON      1
                cstackBANK1                    0000A0  00002E  0000CE        A0       1  BANK1       1
                cstackBANK3                    000190  00003C  0001CC       190       1  BANK3       1
                text21                         000803  000045  000848      1006       0  CODE        2
                text6                          000848  0001B7  0009FF      1090       0  CODE        2
                text31                         0009FF  0002D9  000CD8      13FE       0  CODE        2
                text3                          000CD8  000328  001000      19B0       0  CODE        2
                strings                        001000  0000AD  0010AD      2000       0  STRING      2
                text8                          0010AD  000021  0010CE      215A       0  CODE        2
                text22                         0010CE  00007A  001148      219C       0  CODE        2
                text18                         001148  000095  0011DD      2290       0  CODE        2
                text30                         0011DD  0000A2  00127F      23BA       0  CODE        2
                text10                         00127F  0000A3  001322      24FE       0  CODE        2
                text9                          001322  0000A3  0013C5      2644       0  CODE        2
                text29                         0013C5  0000AE  001473      278A       0  CODE        2
                text20                         001473  0000D0  001543      28E6       0  CODE        2
                maintext                       001543  000126  001669      2A86       0  CODE        2
                text33                         001669  000197  001800      2CD2       0  CODE        2
                text1                          001CBA  000007  001CC1      3974       0  CODE        2
                text17                         001CC1  000009  001CCA      3982       0  CODE        2
                text27                         001CCA  00000C  001CD6      3994       0  CODE        2
                idataBANK3                     001CD6  00000C  001CE2      39AC       0  CODE        2
                text26                         001CE2  00000E  001CF0      39C4       0  CODE        2
                inittext                       001CF0  000011  001D01      39E0       0  CODE        2
                text25                         001D01  000013  001D14      3A02       0  CODE        2
                text34                         001D14  000014  001D28      3A28       0  CODE        2
                text28                         001D28  000017  001D3F      3A50       0  CODE        2
                text15                         001D3F  00001E  001D5D      3A7E       0  CODE        2
                text7                          001D5D  00001F  001D7C      3ABA       0  CODE        2
                text11                         001D7C  000021  001D9D      3AF8       0  CODE        2
                text24                         001D9D  00002B  001DC8      3B3A       0  CODE        2
                text23                         001DC8  000039  001E01      3B90       0  CODE        2
                text19                         001E01  000049  001E4A      3C02       0  CODE        2
                text4                          001E4A  00004B  001E95      3C94       0  CODE        2
                text12                         001E95  00004C  001EE1      3D2A       0  CODE        2
                text5                          001EE1  000059  001F3A      3DC2       0  CODE        2
                text13                         001F3A  00005F  001F99      3E74       0  CODE        2
                text14                         001F99  000067  002000      3F32       0  CODE        2


UNUSED ADDRESS RANGES

        Name                Unused          Largest block    Delta
        BANK1            00CE-00EF             22           1
        BANK2            0110-016F             60           1
        BANK3            01CC-01EF             24           1
        CODE             0003-0003              1           2
                         07FD-0802              3
                         1800-1CB9            4BA
        COMMON           007C-007D              2           1
        CONST            0003-0003              1           2
                         07FD-0802              3
                         1800-1CB9            100
        EEDATA           2100-21FF            100           2
        ENTRY            0003-0003              1           2
                         07FD-0802              3
                         1800-1CB9            100
        RAM              00CE-00EF             22           1
                         0110-016F             60
                         01CC-01EF             24
        SFR0             0000-001F             20           1
        SFR1             0080-009F             20           1
        SFR2             0100-010F             10           1
        SFR3             0180-018F             10           1
        STRCODE          0003-0003              1           2
                         07FD-0802              6
                         1800-1CB9            4BA
        STRING           0003-0003              1           2
                         07FD-0802              3
                         1800-1CB9            100

                                  Symbol Table

?_LM35                   cstackBANK1  00A0
?__Umul8_16              cstackCOMMON 0072
?___awdiv                cstackBANK0  0020
?___awmod                cstackCOMMON 0072
?___fladd                cstackBANK0  0025
?___fldiv                cstackBANK0  0053
?___flmul                cstackBANK0  0039
?___flneg                cstackCOMMON 0072
?___flsub                cstackBANK0  0039
?___fltol                cstackBANK0  0066
?___lldiv                cstackCOMMON 0072
?___llmod                cstackBANK0  0026
?___wmul                 cstackCOMMON 0072
?___xxtofl               cstackCOMMON 0072
?__div_to_l_             cstackCOMMON 0072
?__tdiv_to_l_            cstackCOMMON 0072
?_fround                 cstackBANK0  0053
?_scale                  cstackBANK0  0053
?_sprintf                cstackBANK1  00A0
LM35@adc_val             cstackBANK1  00B2
LM35@temperatura         cstackBANK1  00AA
_ADCS0                   (abs)        00FE
_ADCS1                   (abs)        00FF
_ADFM                    (abs)        04FF
_ADON                    (abs)        00F8
_ADRESH                  (abs)        001E
_ADRESL                  (abs)        009E
_ANSELH                  (abs)        0189
_CCP1CON                 (abs)        0017
_CCPR1L                  (abs)        0015
_CHS0                    (abs)        00FA
_CHS1                    (abs)        00FB
_CHS2                    (abs)        00FC
_CHS3                    (abs)        00FD
_D4                      bssBANK1     00C9
_D5                      bssBANK3     01CA
_D6                      bssBANK3     01C8
_D7                      bssBANK3     01C6
_EN                      bssCOMMON    007A
_GIE                     (abs)        005F
_GO_DONE                 (abs)        00F9
_INTCONbits              (abs)        000B
_LM35                    text29       13C5
_LM35$1054               cstackBANK1  00AE
_PORTB                   (abs)        0006
_PR2                     (abs)        0092
_PS0                     (abs)        0408
_PS1                     (abs)        0409
_PS2                     (abs)        040A
_PSA                     (abs)        040B
_PWM_init                text28       1D28
_RC3                     (abs)        003B
_RCIF                    (abs)        0065
_RCREG                   (abs)        001A
_RCSTAbits               (abs)        0018
_RS                      bssBANK1     00CB
_SPBRG                   (abs)        0099
_T0CS                    (abs)        040D
_T0IE                    (abs)        005D
_T0IF                    (abs)        005A
_T2CON                   (abs)        0012
_TMR0                    (abs)        0001
_TMR2                    (abs)        0011
_TMR2IF                  (abs)        0061
_TRISB                   (abs)        0086
_TRISC2                  (abs)        043A
_TRISCbits               (abs)        0087
_TXREG                   (abs)        0019
_TXSTAbits               (abs)        0098
_Timer0_init             text27       1CCA
_Timers_ISR              text34       1D14
_UART_init               text26       1CE2
__H__absolute__          __absolute__ 0000
__Habs1                  abs1         0000
__Hbank0                 bank0        0000
__Hbank1                 bank1        0000
__Hbank2                 bank2        0000
__Hbank3                 bank3        0000
__HbssBANK1              bssBANK1     0000
__HbssBANK3              bssBANK3     0000
__HbssCOMMON             bssCOMMON    0000
__Hcinit                 cinit        0035
__Hclrtext               clrtext      0000
__Hcode                  code         0000
__Hcommon                common       0000
__Hconfig                config       2009
__HcstackBANK0           cstackBANK0  0000
__HcstackBANK1           cstackBANK1  0000
__HcstackBANK3           cstackBANK3  0000
__HcstackCOMMON          cstackCOMMON 0000
__HdataBANK3             dataBANK3    0000
__Heeprom_data           eeprom_data  0000
__Hend_init              end_init     000F
__Hfunctab               functab      0000
__HidataBANK3            idataBANK3   0000
__Hidloc                 idloc        2004
__Hinit                  init         000C
__Hinittext              inittext     0000
__Hintentry              intentry     000C
__Hmaintext              maintext     0000
__Hpowerup               powerup      0000
__Hram                   ram          0000
__Hreset_vec             reset_vec    0003
__Hsfr0                  sfr0         0000
__Hsfr1                  sfr1         0000
__Hsfr2                  sfr2         0000
__Hsfr3                  sfr3         0000
__Hspace_0               (abs)        2000
__Hspace_1               (abs)        01CC
__Hspace_2               (abs)        0000
__Hspace_3               (abs)        0000
__Hspace_4               (abs)        4010
__Hstack                 stack        0000
__Hstrings               strings      0000
__Htext                  text         0000
__L__absolute__          __absolute__ 0000
__Labs1                  abs1         0000
__Lbank0                 bank0        0000
__Lbank1                 bank1        0000
__Lbank2                 bank2        0000
__Lbank3                 bank3        0000
__LbssBANK1              bssBANK1     0000
__LbssBANK3              bssBANK3     0000
__LbssCOMMON             bssCOMMON    0000
__Lcinit                 cinit        000F
__Lclrtext               clrtext      0000
__Lcode                  code         0000
__Lcommon                common       0000
__Lconfig                config       0000
__LcstackBANK0           cstackBANK0  0000
__LcstackBANK1           cstackBANK1  0000
__LcstackBANK3           cstackBANK3  0000
__LcstackCOMMON          cstackCOMMON 0000
__LdataBANK3             dataBANK3    0000
__Leeprom_data           eeprom_data  0000
__Lend_init              end_init     000C
__Lfunctab               functab      0000
__LidataBANK3            idataBANK3   0000
__Lidloc                 idloc        0000
__Linit                  init         000C
__Linittext              inittext     0000
__Lintentry              intentry     0004
__Lmaintext              maintext     0000
__Lpowerup               powerup      0000
__Lram                   ram          0000
__Lreset_vec             reset_vec    0000
__Lsfr0                  sfr0         0000
__Lsfr1                  sfr1         0000
__Lsfr2                  sfr2         0000
__Lsfr3                  sfr3         0000
__Lspace_0               (abs)        0000
__Lspace_1               (abs)        0000
__Lspace_2               (abs)        0000
__Lspace_3               (abs)        0000
__Lspace_4               (abs)        0000
__Lstack                 stack        0000
__Lstrings               strings      0000
__Ltext                  text         0000
__S0                     (abs)        2000
__S1                     (abs)        01CC
__S3                     (abs)        0000
__Umul8_16               text32       07DA
__Umul8_16@multiplicand  cstackCOMMON 0072
__Umul8_16@multiplier    cstackBANK0  0024
__Umul8_16@product       cstackBANK0  0020
__Umul8_16@word_mpld     cstackBANK0  0022
___awdiv                 text5        1EE1
___awdiv@counter         cstackBANK0  0024
___awdiv@dividend        cstackBANK0  0022
___awdiv@divisor         cstackBANK0  0020
___awdiv@quotient        cstackBANK0  0026
___awdiv@sign            cstackBANK0  0025
___awmod                 text4        1E4A
___awmod@counter         cstackCOMMON 0076
___awmod@dividend        cstackCOMMON 0074
___awmod@divisor         cstackCOMMON 0072
___awmod@sign            cstackCOMMON 0077
___fladd                 text16       05DD
___fladd@a               cstackBANK0  0029
___fladd@aexp            cstackBANK0  0036
___fladd@b               cstackBANK0  0025
___fladd@bexp            cstackBANK0  0037
___fladd@grs             cstackBANK0  0038
___fladd@signs           cstackBANK0  0035
___fldiv                 text33       1669
___fldiv@a               cstackBANK0  0053
___fldiv@aexp            cstackBANK0  006C
___fldiv@b               cstackBANK0  0057
___fldiv@bexp            cstackBANK0  006B
___fldiv@grs             cstackBANK0  0067
___fldiv@new_exp         cstackBANK0  0065
___fldiv@rem             cstackBANK0  0060
___fldiv@sign            cstackBANK0  0064
___fleq                  text19       1E01
___fleq@ff1              cstackCOMMON 0072
___fleq@ff2              cstackCOMMON 0076
___flge                  text18       1148
___flge@ff1              cstackCOMMON 0072
___flge@ff2              cstackCOMMON 0076
___flmul                 text31       09FF
___flmul@a               cstackBANK0  003D
___flmul@aexp            cstackBANK0  0047
___flmul@b               cstackBANK0  0039
___flmul@bexp            cstackBANK0  0048
___flmul@grs             cstackBANK0  0049
___flmul@prod            cstackBANK0  004D
___flmul@sign            cstackBANK0  0046
___flmul@temp            cstackBANK0  0051
___flneg                 text17       1CC1
___flneg@f1              cstackCOMMON 0072
___flsub                 text15       1D3F
___flsub@a               cstackBANK0  0039
___flsub@b               cstackBANK0  003D
___fltol                 text14       1F99
___fltol@exp1            cstackBANK0  006F
___fltol@f1              cstackBANK0  0066
___fltol@sign1           cstackBANK0  006E
___int_sp                stack        0000
___latbits               (abs)        0002
___lbdiv                 text8        10AD
___lbdiv@counter         cstackBANK0  0021
___lbdiv@dividend        cstackBANK0  0020
___lbdiv@divisor         cstackCOMMON 0078
___lbdiv@quotient        cstackBANK0  0022
___lbmod                 text7        1D5D
___lbmod@counter         cstackCOMMON 0076
___lbmod@dividend        cstackCOMMON 0075
___lbmod@divisor         cstackCOMMON 0072
___lbmod@rem             cstackCOMMON 0077
___lldiv                 text13       1F3A
___lldiv@counter         cstackBANK0  0025
___lldiv@dividend        cstackCOMMON 0076
___lldiv@divisor         cstackCOMMON 0072
___lldiv@quotient        cstackBANK0  0021
___llmod                 text12       1E95
___llmod@counter         cstackBANK0  002F
___llmod@dividend        cstackBANK0  002A
___llmod@divisor         cstackBANK0  0026
___sp                    stack        0000
___stackhi               (abs)        0000
___stacklo               (abs)        0000
___wmul                  text11       1D7C
___wmul@multiplicand     cstackCOMMON 0074
___wmul@multiplier       cstackCOMMON 0072
___wmul@product          cstackCOMMON 0076
___xxtofl                text30       11DD
___xxtofl@arg            cstackBANK0  0022
___xxtofl@exp            cstackBANK0  0021
___xxtofl@sign           cstackBANK0  0020
___xxtofl@val            cstackCOMMON 0072
__div_to_l_              text10       127F
__div_to_l_@cntr         cstackBANK0  0025
__div_to_l_@exp1         cstackBANK0  0026
__div_to_l_@f1           cstackCOMMON 0072
__div_to_l_@f2           cstackCOMMON 0076
__div_to_l_@quot         cstackBANK0  0021
__end_of_LM35            text29       1473
__end_of_PWM_init        text28       1D3F
__end_of_Timer0_init     text27       1CD6
__end_of_Timers_ISR      text34       1D28
__end_of_UART_init       text26       1CF0
__end_of__Umul8_16       text32       07FD
__end_of___awdiv         text5        1F3A
__end_of___awmod         text4        1E95
__end_of___fladd         text16       07DA
__end_of___fldiv         text33       1800
__end_of___fleq          text19       1E4A
__end_of___flge          text18       11DD
__end_of___flmul         text31       0CD8
__end_of___flneg         text17       1CCA
__end_of___flsub         text15       1D5D
__end_of___fltol         text14       2000
__end_of___lbdiv         text8        10CE
__end_of___lbmod         text7        1D7C
__end_of___lldiv         text13       1F99
__end_of___llmod         text12       1EE1
__end_of___wmul          text11       1D9D
__end_of___xxtofl        text30       127F
__end_of__div_to_l_      text10       1322
__end_of__initialization cinit        0031
__end_of__npowers_       strings      106E
__end_of__powers_        strings      103A
__end_of__stringtab      strings      1006
__end_of__tdiv_to_l_     text9        13C5
__end_of_byte            text21       0848
__end_of_controle_pwm    text25       1D14
__end_of_dpowers         strings      1096
__end_of_enable          text23       1E01
__end_of_fround          text6        09FF
__end_of_lcd_init        text20       1543
__end_of_main            maintext     1669
__end_of_muda_pin        text24       1DC8
__end_of_nibble          text22       1148
__end_of_scale           text3        1000
__end_of_sprintf         text2        05DD
__end_of_velocidade      text1        1CC1
__initialization         cinit        000F
__npowers_               strings      103A
__pbssBANK1              bssBANK1     00C7
__pbssBANK3              bssBANK3     01C2
__pbssCOMMON             bssCOMMON    007A
__pcstackBANK0           cstackBANK0  0020
__pcstackBANK1           cstackBANK1  00A0
__pcstackBANK3           cstackBANK3  0190
__pcstackCOMMON          cstackCOMMON 0070
__pdataBANK3             dataBANK3    01B6
__pidataBANK3            idataBANK3   1CD6
__pintentry              intentry     0004
__pmaintext              maintext     1543
__powers_                strings      1006
__pstrings               strings      1000
__ptext1                 text1        1CBA
__ptext10                text10       127F
__ptext11                text11       1D7C
__ptext12                text12       1E95
__ptext13                text13       1F3A
__ptext14                text14       1F99
__ptext15                text15       1D3F
__ptext16                text16       05DD
__ptext17                text17       1CC1
__ptext18                text18       1148
__ptext19                text19       1E01
__ptext2                 text2        0035
__ptext20                text20       1473
__ptext21                text21       0803
__ptext22                text22       10CE
__ptext23                text23       1DC8
__ptext24                text24       1D9D
__ptext25                text25       1D01
__ptext26                text26       1CE2
__ptext27                text27       1CCA
__ptext28                text28       1D28
__ptext29                text29       13C5
__ptext3                 text3        0CD8
__ptext30                text30       11DD
__ptext31                text31       09FF
__ptext32                text32       07DA
__ptext33                text33       1669
__ptext34                text34       1D14
__ptext4                 text4        1E4A
__ptext5                 text5        1EE1
__ptext6                 text6        0848
__ptext7                 text7        1D5D
__ptext8                 text8        10AD
__ptext9                 text9        1322
__stringbase             strings      1005
__stringtab              strings      1000
__tdiv_to_l_             text9        1322
__tdiv_to_l_@cntr        cstackBANK0  0027
__tdiv_to_l_@exp1        cstackBANK0  0028
__tdiv_to_l_@f1          cstackCOMMON 0072
__tdiv_to_l_@f2          cstackCOMMON 0076
__tdiv_to_l_@quot        cstackBANK0  0023
_byte                    text21       0803
_controle_pwm            text25       1D01
_dpowers                 strings      106E
_enable                  text23       1DC8
_fround                  text6        0848
_fround$1055             cstackBANK0  0060
_fround$1056             cstackBANK0  005C
_lcd_init                text20       1473
_lcd_pins                dataBANK3    01B6
_main                    maintext     1543
_muda_pin                text24       1D9D
_nibble                  text22       10CE
_port_data               bssBANK1     00C7
_port_en                 bssBANK3     01C2
_port_rs                 bssBANK3     01C4
_pwm_enabled             bssBANK1     00CD
_scale                   text3        0CD8
_scale$1057              cstackBANK0  0061
_sprintf                 text2        0035
_sprintf$1058            cstackBANK1  00AC
_velocidade              text1        1CBA
btemp                    (abs)        007E
byte@dado                cstackBANK0  0026
byte@escreve             cstackBANK0  0024
controle_pwm@ligado      cstackCOMMON 0072
end_of_initialization    cinit        0031
fround@prec              cstackBANK0  0064
init_fetch0              inittext     1CF0
init_ram0                inittext     1CF4
interrupt_function       intentry     0004
intlevel0                functab      0000
intlevel1                functab      0000
intlevel2                functab      0000
intlevel3                functab      0000
intlevel4                functab      0000
intlevel5                functab      0000
lcd_init@lcd_pins        cstackCOMMON 0079
main@buffer              cstackBANK3  0190
main@c                   cstackBANK3  01AE
main@duty_cycle          cstackBANK3  01B1
main@i                   cstackBANK3  01AF
main@temp                cstackBANK3  01B2
muda_pin@_pin            cstackCOMMON 0074
muda_pin@_port           cstackCOMMON 0072
muda_pin@_val            cstackCOMMON 0076
nibble@dado              cstackBANK0  0020
reset_vec                reset_vec    0000
saved_w                  (abs)        007E
scale@scl                cstackBANK0  0065
sprintf@ap               cstackBANK1  00B0
sprintf@c                cstackBANK1  00C4
sprintf@eexp             cstackBANK1  00B9
sprintf@f                cstackBANK1  00A0
sprintf@flag             cstackBANK1  00B1
sprintf@fval             cstackBANK1  00C0
sprintf@prec             cstackBANK1  00B3
sprintf@sp               cstackBANK1  00BF
sprintf@tmpval           cstackBANK1  00BB
sprintf@val              cstackBANK1  00B5
start                    init         000C
start_initialization     cinit        000F
velocidade@duty          cstackCOMMON 0072
wtemp0                   (abs)        007E


MODULE INFORMATION

Module		Function		Class		Link	Load	Size
C:\Program Files\Microchip\xc8\v2.41\pic\sources\c90\common\sprcmul.c
		___flmul       		CODE           	09FF	0000	729

C:\Program Files\Microchip\xc8\v2.41\pic\sources\c90\common\sprcmul.c estimated size: 729

C:\Program Files\Microchip\xc8\v2.41\pic\sources\c90\common\flge.c
		___flge        		CODE           	1148	0000	149

C:\Program Files\Microchip\xc8\v2.41\pic\sources\c90\common\flge.c estimated size: 149

C:\Program Files\Microchip\xc8\v2.41\pic\sources\c90\common\sprcdiv.c
		___fldiv       		CODE           	1669	0000	407

C:\Program Files\Microchip\xc8\v2.41\pic\sources\c90\common\sprcdiv.c estimated size: 407

C:\Program Files\Microchip\xc8\v2.41\pic\sources\c90\common\ftdivl.c
		__tdiv_to_l_   		CODE           	1322	0000	163

C:\Program Files\Microchip\xc8\v2.41\pic\sources\c90\common\ftdivl.c estimated size: 163

C:\Program Files\Microchip\xc8\v2.41\pic\sources\c90\common\Umul16.c
		___wmul        		CODE           	1D7C	0000	33

C:\Program Files\Microchip\xc8\v2.41\pic\sources\c90\common\Umul16.c estimated size: 33

C:\Program Files\Microchip\xc8\v2.41\pic\sources\c90\common\awdiv.c
		___awdiv       		CODE           	1EE1	0000	89

C:\Program Files\Microchip\xc8\v2.41\pic\sources\c90\common\awdiv.c estimated size: 89

C:\Program Files\Microchip\xc8\v2.41\pic\sources\c90\common\fltol.c
		___fltol       		CODE           	1F99	0000	103

C:\Program Files\Microchip\xc8\v2.41\pic\sources\c90\common\fltol.c estimated size: 103

C:\Program Files\Microchip\xc8\v2.41\pic\sources\c90\common\lbmod.c
		___lbmod       		CODE           	1D5D	0000	31

C:\Program Files\Microchip\xc8\v2.41\pic\sources\c90\common\lbmod.c estimated size: 31

C:\Program Files\Microchip\xc8\v2.41\pic\sources\c90\common\__lldiv.c
		___lldiv       		CODE           	1F3A	0000	95

C:\Program Files\Microchip\xc8\v2.41\pic\sources\c90\common\__lldiv.c estimated size: 95

C:\Program Files\Microchip\xc8\v2.41\pic\sources\c90\common\sprcadd.c
		___flsub       		CODE           	1D3F	0000	30
		___fladd       		CODE           	05DD	0000	509

C:\Program Files\Microchip\xc8\v2.41\pic\sources\c90\common\sprcadd.c estimated size: 539

controle.c
		_Timer0_init   		CODE           	1CCA	0000	12
		_Timers_ISR    		CODE           	1D14	0000	20
		_UART_init     		CODE           	1CE2	0000	14
		_LM35          		CODE           	13C5	0000	174
		_main          		CODE           	1543	0000	294
		_controle_pwm  		CODE           	1D01	0000	19
		_PWM_init      		CODE           	1D28	0000	23
		_velocidade    		CODE           	1CBA	0000	7

controle.c estimated size: 563

C:\Program Files\Microchip\xc8\v2.41\pic\sources\c90\common\fldivl.c
		__div_to_l_    		CODE           	127F	0000	163

C:\Program Files\Microchip\xc8\v2.41\pic\sources\c90\common\fldivl.c estimated size: 163

C:\Program Files\Microchip\xc8\v2.41\pic\sources\c90\common\fleq.c
		___fleq        		CODE           	1E01	0000	73

C:\Program Files\Microchip\xc8\v2.41\pic\sources\c90\common\fleq.c estimated size: 73

C:\Program Files\Microchip\xc8\v2.41\pic\sources\c90\common\xxtofl.c
		___xxtofl      		CODE           	11DD	0000	162

C:\Program Files\Microchip\xc8\v2.41\pic\sources\c90\common\xxtofl.c estimated size: 162

C:\Program Files\Microchip\xc8\v2.41\pic\sources\c90\common\flneg.c
		___flneg       		CODE           	1CC1	0000	9

C:\Program Files\Microchip\xc8\v2.41\pic\sources\c90\common\flneg.c estimated size: 9

shared
		__stringtab    		STRING         	1000	0000	6
		__powers_      		STRING         	1006	0000	52
		_dpowers       		STRING         	106E	0000	40
		__npowers_     		STRING         	103A	0000	52
		__initialization		CODE           	000F	0000	34

shared estimated size: 184

C:\Program Files\Microchip\xc8\v2.41\pic\sources\c90\common\lbdiv.c
		___lbdiv       		CODE           	10AD	0000	33

C:\Program Files\Microchip\xc8\v2.41\pic\sources\c90\common\lbdiv.c estimated size: 33

C:\Program Files\Microchip\xc8\v2.41\pic\sources\c90\common\Umul8_16.c
		__Umul8_16     		CODE           	07DA	0000	35

C:\Program Files\Microchip\xc8\v2.41\pic\sources\c90\common\Umul8_16.c estimated size: 35

bibliotec_lcd.c
		_byte          		CODE           	0803	0000	69
		_enable        		CODE           	1DC8	0000	57
		_nibble        		CODE           	10CE	0000	122
		_muda_pin      		CODE           	1D9D	0000	43
		_lcd_init      		CODE           	1473	0000	208

bibliotec_lcd.c estimated size: 499

C:\Program Files\Microchip\xc8\v2.41\pic\sources\c90\common\doprnt.c
		_scale         		CODE           	0CD8	0000	808
		_sprintf       		CODE           	0035	0000	1448
		_fround        		CODE           	0848	0000	439

C:\Program Files\Microchip\xc8\v2.41\pic\sources\c90\common\doprnt.c estimated size: 2695

C:\Program Files\Microchip\xc8\v2.41\pic\sources\c90\common\awmod.c
		___awmod       		CODE           	1E4A	0000	75

C:\Program Files\Microchip\xc8\v2.41\pic\sources\c90\common\awmod.c estimated size: 75

C:\Program Files\Microchip\xc8\v2.41\pic\sources\c90\common\llmod.c
		___llmod       		CODE           	1E95	0000	76

C:\Program Files\Microchip\xc8\v2.41\pic\sources\c90\common\llmod.c estimated size: 76

