Microchip MPLAB XC8 Compiler V2.41

Linker command line:

-W-3 \
  --edf=C:\Program Files\Microchip\xc8\v2.41\pic\dat\20230208172133_en.msgs \
  -cn -h+dist/default/production\CONTROLE.X.production.sym \
  --cmf=dist/default/production\CONTROLE.X.production.cmf -z -Q16F887 \
  -oC:\Users\Henrique\AppData\Local\Temp\xcAs1e8.\driver_tmp_3.o \
  --defsym=__MPLAB_BUILD=1 --fixupoverflow=error \
  -Mdist/default/production/CONTROLE.X.production.map \
  --md=C:\Users\Henrique\AppData\Local\Temp\xcAs1e8.\driver_tmp_0.dat -E1 \
  -ver=XC8 Compiler --acfsm=1493 -ACODE=00h-07FFhx4 -ASTRCODE=00h-01FFFh \
  -ASTRING=00h-0FFhx32 -ACONST=00h-0FFhx32 -AENTRY=00h-0FFhx32 \
  -ACOMMON=070h-07Fh -ABANK0=020h-06Fh -ABANK1=0A0h-0EFh \
  -ABANK2=0110h-016Fh -ABANK3=0190h-01EFh \
  -ARAM=020h-06Fh,0A0h-0EFh,0110h-016Fh,0190h-01EFh \
  -AABS1=020h-07Fh,0A0h-0EFh,0110h-016Fh,0190h-01EFh -ASFR0=00h-01Fh \
  -ASFR1=080h-09Fh -ASFR2=0100h-010Fh -ASFR3=0180h-018Fh \
  -ACONFIG=02007h-02008h -DCONFIG=2 -AIDLOC=02000h-02003h -DIDLOC=2 \
  -AEEDATA=00h-0FFh/02100h -peeprom_data=EEDATA -DEEDATA=2 -DCODE=2 \
  -DSTRCODE=2 -DSTRING=2 -DCONST=2 -DENTRY=2 \
  -preset_vec=00h,intentry=04h,init,end_init -ppowerup=CODE -pcinit=CODE \
  -pfunctab=ENTRY -k \
  C:\Users\Henrique\AppData\Local\Temp\xcAs1e8.\driver_tmp_17.o \
  dist/default/production\CONTROLE.X.production.o 

Object code version is 3.11

Machine type is 16F887



                Name                               Link     Load   Length Selector   Space Scale
C:\Users\Henrique\AppData\Local\Temp\xcAs1e8.\driver_tmp_17.o
                end_init                              C        C        3        8       0
                reset_vec                             0        0        3        0       0
                config                             2007     2007        2        0       4
                idloc                              2000     2000        4        0       5
dist/default/production\CONTROLE.X.production.o
                cinit                                 F        F       29        8       0
                intentry                              4        4        8        8       0
                config                             2007     2007        2        0       4
                idloc                              2000     2000        4        0       5
                text34                             1985     1985       19     330A       0
                text33                             11CC     11CC      1CF     2398       0
                text32                             1A06     1A06       29     340C       0
                text31                              958      958      345     12B0       0
                text30                             103A     103A       BA     2074       0
                text29                             10F4     10F4       D8     21E8       0
                text28                             199E     199E       1F     333C       0
                text27                             194F     194F        F     329E       0
                text26                             1971     1971       14     32E2       0
                text25                              802      802       1B     1004       0
                text24                             1A2F     1A2F       2D     345E       0
                text23                             1A5C     1A5C       39     34B8       0
                text22                             1D6A     1D6A       83     3AD4       0
                text21                             1ADB     1ADB       47     35B6       0
                text20                              719      719       DB        8       0
                text19                             1B22     1B22       50     3644       0
                text18                             1DED     1DED       A4     3BDA       0
                text17                             1944     1944        B     3288       0
                text16                             15A8     15A8      258     2B50       0
                text15                             19BD     19BD       24     337A       0
                text14                             1CF2     1CF2       78     39E4       0
                text13                             1C21     1C21       68     3842       0
                text12                             1B72     1B72       56     36E4       0
                text11                             19E1     19E1       25     33C2       0
                text10                             1F48     1F48       B8     3E90       0
                text9                              1E91     1E91       B7     3D22       0
                text8                              1A95     1A95       46     352A       0
                text7                              1000     1000       3A     193A       0
                text6                              139B     139B      20D     2736       0
                text5                              1C89     1C89       69     3912       0
                text4                              1BC8     1BC8       59     3790       0
                text3                               C9D      C9D      363     193A       0
                text2                                38       38      6E1        8       0
                text1                              193D     193D        7     327A       0
                maintext                            81D      81D      13B     103A       0
                cstackBANK0                          20       20       50       20       1
                cstackCOMMON                         70       70        A       70       1
                cstackBANK1                          A0       A0       4D       A0       1
                inittext                           195E     195E       13     32BC       0
                dataBANK3                           19E      19E        C      190       1
                bssBANK3                            190      190        E      190       1
                bssBANK1                             ED       ED        3       A0       1
                bssCOMMON                            7A       7A        2       70       1
                strings                            1800     1800       AD     3000       0
                idataBANK3                          7F4      7F4        C        8       0

TOTAL           Name                               Link     Load   Length     Space
        CLASS   CODE           
                end_init                              C        C        3         0
                cinit                                 F        F       29         0
                intentry                              4        4        8         0
                reset_vec                             0        0        3         0
                text34                             1985     1985       19         0
                text33                             11CC     11CC      1CF         0
                text32                             1A06     1A06       29         0
                text31                              958      958      345         0
                text30                             103A     103A       BA         0
                text29                             10F4     10F4       D8         0
                text28                             199E     199E       1F         0
                text27                             194F     194F        F         0
                text26                             1971     1971       14         0
                text25                              802      802       1B         0
                text24                             1A2F     1A2F       2D         0
                text23                             1A5C     1A5C       39         0
                text22                             1D6A     1D6A       83         0
                text21                             1ADB     1ADB       47         0
                text20                              719      719       DB         0
                text19                             1B22     1B22       50         0
                text18                             1DED     1DED       A4         0
                text17                             1944     1944        B         0
                text16                             15A8     15A8      258         0
                text15                             19BD     19BD       24         0
                text14                             1CF2     1CF2       78         0
                text13                             1C21     1C21       68         0
                text12                             1B72     1B72       56         0
                text11                             19E1     19E1       25         0
                text10                             1F48     1F48       B8         0
                text9                              1E91     1E91       B7         0
                text8                              1A95     1A95       46         0
                text7                              1000     1000       3A         0
                text6                              139B     139B      20D         0
                text5                              1C89     1C89       69         0
                text4                              1BC8     1BC8       59         0
                text3                               C9D      C9D      363         0
                text2                                38       38      6E1         0
                text1                              193D     193D        7         0
                maintext                            81D      81D      13B         0
                inittext                           195E     195E       13         0
                idataBANK3                          7F4      7F4        C         0

        CLASS   STRCODE        

        CLASS   STRING         
                strings                            1800     1800       AD         0

        CLASS   CONST          

        CLASS   ENTRY          

        CLASS   COMMON         
                cstackCOMMON                         70       70        A         1
                bssCOMMON                            7A       7A        2         1

        CLASS   BANK0          
                cstackBANK0                          20       20       50         1

        CLASS   BANK1          
                cstackBANK1                          A0       A0       4D         1
                bssBANK1                             ED       ED        3         1

        CLASS   BANK2          

        CLASS   BANK3          
                dataBANK3                           19E      19E        C         1
                bssBANK3                            190      190        E         1

        CLASS   RAM            

        CLASS   ABS1           
                abs_s1                               7E       7E        2         1

        CLASS   SFR0           

        CLASS   SFR1           

        CLASS   SFR2           

        CLASS   SFR3           

        CLASS   CONFIG         
                config                             2007     2007        2         4

        CLASS   IDLOC          
                idloc                              2000     2000        4         5

        CLASS   EEDATA         

        CLASS   STACK          



SEGMENTS        Name                           Load    Length   Top    Selector   Space  Class     Delta

                reset_vec                      000000  000003  000003         0       0  CODE        2
                intentry                       000004  0007FC  000800         8       0  CODE        2
                cstackBANK0                    000020  000050  000070        20       1  BANK0       1
                cstackCOMMON                   000070  00000C  00007C        70       1  COMMON      1
                cstackBANK1                    0000A0  000050  0000F0        A0       1  BANK1       1
                bssBANK3                       000190  00001A  0001AA       190       1  BANK3       1
                text25                         000802  00001B  00081D      1004       0  CODE        2
                maintext                       00081D  00013B  000958      103A       0  CODE        2
                text31                         000958  000345  000C9D      12B0       0  CODE        2
                text3                          000C9D  00039D  00103A      193A       0  CODE        2
                text30                         00103A  0000BA  0010F4      2074       0  CODE        2
                text29                         0010F4  0000D8  0011CC      21E8       0  CODE        2
                text33                         0011CC  0001CF  00139B      2398       0  CODE        2
                text6                          00139B  00020D  0015A8      2736       0  CODE        2
                text16                         0015A8  000258  001800      2B50       0  CODE        2
                strings                        001800  0000AD  0018AD      3000       0  STRING      2
                text1                          00193D  000007  001944      327A       0  CODE        2
                text17                         001944  00000B  00194F      3288       0  CODE        2
                text27                         00194F  00000F  00195E      329E       0  CODE        2
                inittext                       00195E  000013  001971      32BC       0  CODE        2
                text26                         001971  000014  001985      32E2       0  CODE        2
                text34                         001985  000019  00199E      330A       0  CODE        2
                text28                         00199E  00001F  0019BD      333C       0  CODE        2
                text15                         0019BD  000024  0019E1      337A       0  CODE        2
                text11                         0019E1  000025  001A06      33C2       0  CODE        2
                text32                         001A06  000029  001A2F      340C       0  CODE        2
                text24                         001A2F  00002D  001A5C      345E       0  CODE        2
                text23                         001A5C  000039  001A95      34B8       0  CODE        2
                text8                          001A95  000046  001ADB      352A       0  CODE        2
                text21                         001ADB  000047  001B22      35B6       0  CODE        2
                text19                         001B22  000050  001B72      3644       0  CODE        2
                text12                         001B72  000056  001BC8      36E4       0  CODE        2
                text4                          001BC8  000059  001C21      3790       0  CODE        2
                text13                         001C21  000068  001C89      3842       0  CODE        2
                text5                          001C89  000069  001CF2      3912       0  CODE        2
                text14                         001CF2  000078  001D6A      39E4       0  CODE        2
                text22                         001D6A  000083  001DED      3AD4       0  CODE        2
                text18                         001DED  0000A4  001E91      3BDA       0  CODE        2
                text9                          001E91  0000B7  001F48      3D22       0  CODE        2
                text10                         001F48  0000B8  002000      3E90       0  CODE        2


UNUSED ADDRESS RANGES

        Name                Unused          Largest block    Delta
        BANK2            0110-016F             60           1
        BANK3            01AA-01EF             46           1
        CODE             0003-0003              1           2
                         0800-0801              2
                         18AD-193C             90
        COMMON           007C-007D              2           1
        CONST            0003-0003              1           2
                         0800-0801              2
                         18AD-193C             53
        EEDATA           2100-21FF            100           2
        ENTRY            0003-0003              1           2
                         0800-0801              2
                         18AD-193C             53
        RAM              0110-016F             60           1
                         01AA-01EF             46
        SFR0             0000-001F             20           1
        SFR1             0080-009F             20           1
        SFR2             0100-010F             10           1
        SFR3             0180-018F             10           1
        STRCODE          0003-0003              1           2
                         0800-0801              2
                         18AD-193C             90
        STRING           0003-0003              1           2
                         0800-0801              2
                         18AD-193C             53

                                  Symbol Table

?_LM35                   cstackBANK1  00A0
?__Umul8_16              cstackCOMMON 0072
?___awdiv                cstackBANK0  0020
?___awmod                cstackCOMMON 0072
?___fladd                cstackBANK0  0025
?___fldiv                cstackBANK0  0053
?___flmul                cstackBANK0  0039
?___flneg                cstackCOMMON 0072
?___flsub                cstackBANK0  0039
?___fltol                cstackBANK0  0066
?___lldiv                cstackCOMMON 0072
?___llmod                cstackBANK0  0026
?___lwdiv                cstackBANK0  0020
?___lwmod                cstackCOMMON 0072
?___wmul                 cstackCOMMON 0072
?___xxtofl               cstackCOMMON 0072
?__div_to_l_             cstackCOMMON 0072
?__tdiv_to_l_            cstackCOMMON 0072
?_fround                 cstackBANK0  0053
?_scale                  cstackBANK0  0053
?_sprintf                cstackBANK1  00A0
LM35@adc_val             cstackBANK1  00B2
LM35@temperatura         cstackBANK1  00AA
_ADCS0                   (abs)        00FE
_ADCS1                   (abs)        00FF
_ADFM                    (abs)        04FF
_ADON                    (abs)        00F8
_ADRESH                  (abs)        001E
_ADRESL                  (abs)        009E
_ANSELH                  (abs)        0189
_CCP1CON                 (abs)        0017
_CCPR1L                  (abs)        0015
_CHS0                    (abs)        00FA
_CHS1                    (abs)        00FB
_CHS2                    (abs)        00FC
_CHS3                    (abs)        00FD
_D4                      bssBANK3     019A
_D5                      bssBANK3     0198
_D6                      bssBANK3     0196
_D7                      bssBANK3     0194
_EN                      bssCOMMON    007A
_GIE                     (abs)        005F
_GO_DONE                 (abs)        00F9
_INTCONbits              (abs)        000B
_LM35                    text29       10F4
_LM35$1054               cstackBANK1  00AE
_PORTB                   (abs)        0006
_PR2                     (abs)        0092
_PS0                     (abs)        0408
_PS1                     (abs)        0409
_PS2                     (abs)        040A
_PSA                     (abs)        040B
_PWM_init                text28       199E
_RC3                     (abs)        003B
_RCIF                    (abs)        0065
_RCREG                   (abs)        001A
_RCSTAbits               (abs)        0018
_RS                      bssBANK3     019C
_SPBRG                   (abs)        0099
_T0CS                    (abs)        040D
_T0IE                    (abs)        005D
_T0IF                    (abs)        005A
_T2CON                   (abs)        0012
_TMR0                    (abs)        0001
_TMR2                    (abs)        0011
_TMR2IF                  (abs)        0061
_TRISB                   (abs)        0086
_TRISC2                  (abs)        043A
_TRISCbits               (abs)        0087
_TXREG                   (abs)        0019
_TXSTAbits               (abs)        0098
_Timer0_init             text27       194F
_Timers_ISR              text34       1985
_UART_init               text26       1971
__H__absolute__          __absolute__ 0000
__Habs1                  abs1         0000
__Hbank0                 bank0        0000
__Hbank1                 bank1        0000
__Hbank2                 bank2        0000
__Hbank3                 bank3        0000
__HbssBANK1              bssBANK1     0000
__HbssBANK3              bssBANK3     0000
__HbssCOMMON             bssCOMMON    0000
__Hcinit                 cinit        0038
__Hclrtext               clrtext      0000
__Hcode                  code         0000
__Hcommon                common       0000
__Hconfig                config       2009
__HcstackBANK0           cstackBANK0  0000
__HcstackBANK1           cstackBANK1  0000
__HcstackCOMMON          cstackCOMMON 0000
__HdataBANK3             dataBANK3    0000
__Heeprom_data           eeprom_data  0000
__Hend_init              end_init     000F
__Hfunctab               functab      0000
__HidataBANK3            idataBANK3   0000
__Hidloc                 idloc        2004
__Hinit                  init         000C
__Hinittext              inittext     0000
__Hintentry              intentry     000C
__Hmaintext              maintext     0000
__Hpowerup               powerup      0000
__Hram                   ram          0000
__Hreset_vec             reset_vec    0003
__Hsfr0                  sfr0         0000
__Hsfr1                  sfr1         0000
__Hsfr2                  sfr2         0000
__Hsfr3                  sfr3         0000
__Hspace_0               (abs)        2000
__Hspace_1               (abs)        01AA
__Hspace_2               (abs)        0000
__Hspace_3               (abs)        0000
__Hspace_4               (abs)        4010
__Hstack                 stack        0000
__Hstrings               strings      0000
__Htext                  text         0000
__L__absolute__          __absolute__ 0000
__Labs1                  abs1         0000
__Lbank0                 bank0        0000
__Lbank1                 bank1        0000
__Lbank2                 bank2        0000
__Lbank3                 bank3        0000
__LbssBANK1              bssBANK1     0000
__LbssBANK3              bssBANK3     0000
__LbssCOMMON             bssCOMMON    0000
__Lcinit                 cinit        000F
__Lclrtext               clrtext      0000
__Lcode                  code         0000
__Lcommon                common       0000
__Lconfig                config       0000
__LcstackBANK0           cstackBANK0  0000
__LcstackBANK1           cstackBANK1  0000
__LcstackCOMMON          cstackCOMMON 0000
__LdataBANK3             dataBANK3    0000
__Leeprom_data           eeprom_data  0000
__Lend_init              end_init     000C
__Lfunctab               functab      0000
__LidataBANK3            idataBANK3   0000
__Lidloc                 idloc        0000
__Linit                  init         000C
__Linittext              inittext     0000
__Lintentry              intentry     0004
__Lmaintext              maintext     0000
__Lpowerup               powerup      0000
__Lram                   ram          0000
__Lreset_vec             reset_vec    0000
__Lsfr0                  sfr0         0000
__Lsfr1                  sfr1         0000
__Lsfr2                  sfr2         0000
__Lsfr3                  sfr3         0000
__Lspace_0               (abs)        0000
__Lspace_1               (abs)        0000
__Lspace_2               (abs)        0000
__Lspace_3               (abs)        0000
__Lspace_4               (abs)        0000
__Lstack                 stack        0000
__Lstrings               strings      0000
__Ltext                  text         0000
__S0                     (abs)        2000
__S1                     (abs)        01AA
__S3                     (abs)        0000
__Umul8_16               text32       1A06
__Umul8_16@multiplicand  cstackCOMMON 0072
__Umul8_16@multiplier    cstackBANK0  0024
__Umul8_16@product       cstackBANK0  0020
__Umul8_16@word_mpld     cstackBANK0  0022
___awdiv                 text5        1C89
___awdiv@counter         cstackBANK0  0024
___awdiv@dividend        cstackBANK0  0022
___awdiv@divisor         cstackBANK0  0020
___awdiv@quotient        cstackBANK0  0026
___awdiv@sign            cstackBANK0  0025
___awmod                 text4        1BC8
___awmod@counter         cstackCOMMON 0076
___awmod@dividend        cstackCOMMON 0074
___awmod@divisor         cstackCOMMON 0072
___awmod@sign            cstackCOMMON 0077
___fladd                 text16       15A8
___fladd@a               cstackBANK0  0029
___fladd@aexp            cstackBANK0  0036
___fladd@b               cstackBANK0  0025
___fladd@bexp            cstackBANK0  0037
___fladd@grs             cstackBANK0  0038
___fladd@signs           cstackBANK0  0035
___fldiv                 text33       11CC
___fldiv@a               cstackBANK0  0053
___fldiv@aexp            cstackBANK0  006C
___fldiv@b               cstackBANK0  0057
___fldiv@bexp            cstackBANK0  006B
___fldiv@grs             cstackBANK0  0067
___fldiv@new_exp         cstackBANK0  0065
___fldiv@rem             cstackBANK0  0060
___fldiv@sign            cstackBANK0  0064
___fleq                  text19       1B22
___fleq@ff1              cstackCOMMON 0072
___fleq@ff2              cstackCOMMON 0076
___flge                  text18       1DED
___flge@ff1              cstackCOMMON 0072
___flge@ff2              cstackCOMMON 0076
___flmul                 text31       0958
___flmul@a               cstackBANK0  003D
___flmul@aexp            cstackBANK0  0047
___flmul@b               cstackBANK0  0039
___flmul@bexp            cstackBANK0  004C
___flmul@grs             cstackBANK0  0048
___flmul@prod            cstackBANK0  004D
___flmul@sign            cstackBANK0  0046
___flmul@temp            cstackBANK0  0051
___flneg                 text17       1944
___flneg@f1              cstackCOMMON 0072
___flsub                 text15       19BD
___flsub@a               cstackBANK0  0039
___flsub@b               cstackBANK0  003D
___fltol                 text14       1CF2
___fltol@exp1            cstackBANK0  006F
___fltol@f1              cstackBANK0  0066
___fltol@sign1           cstackBANK0  006E
___int_sp                stack        0000
___latbits               (abs)        0002
___lldiv                 text13       1C21
___lldiv@counter         cstackBANK0  0025
___lldiv@dividend        cstackCOMMON 0076
___lldiv@divisor         cstackCOMMON 0072
___lldiv@quotient        cstackBANK0  0021
___llmod                 text12       1B72
___llmod@counter         cstackBANK0  002F
___llmod@dividend        cstackBANK0  002A
___llmod@divisor         cstackBANK0  0026
___lwdiv                 text8        1A95
___lwdiv@counter         cstackCOMMON 0077
___lwdiv@dividend        cstackBANK0  0022
___lwdiv@divisor         cstackBANK0  0020
___lwdiv@quotient        cstackCOMMON 0078
___lwmod                 text7        1000
___lwmod@counter         cstackCOMMON 0076
___lwmod@dividend        cstackCOMMON 0074
___lwmod@divisor         cstackCOMMON 0072
___sp                    stack        0000
___stackhi               (abs)        0000
___stacklo               (abs)        0000
___wmul                  text11       19E1
___wmul@multiplicand     cstackCOMMON 0074
___wmul@multiplier       cstackCOMMON 0072
___wmul@product          cstackCOMMON 0076
___xxtofl                text30       103A
___xxtofl@arg            cstackBANK0  0022
___xxtofl@exp            cstackBANK0  0021
___xxtofl@sign           cstackBANK0  0020
___xxtofl@val            cstackCOMMON 0072
__div_to_l_              text10       1F48
__div_to_l_@cntr         cstackBANK0  0025
__div_to_l_@exp1         cstackBANK0  0026
__div_to_l_@f1           cstackCOMMON 0072
__div_to_l_@f2           cstackCOMMON 0076
__div_to_l_@quot         cstackBANK0  0021
__end_of_LM35            text29       11CC
__end_of_PWM_init        text28       19BD
__end_of_Timer0_init     text27       195E
__end_of_Timers_ISR      text34       199E
__end_of_UART_init       text26       1985
__end_of__Umul8_16       text32       1A2F
__end_of___awdiv         text5        1CF2
__end_of___awmod         text4        1C21
__end_of___fladd         text16       1800
__end_of___fldiv         text33       139B
__end_of___fleq          text19       1B72
__end_of___flge          text18       1E91
__end_of___flmul         text31       0C9D
__end_of___flneg         text17       194F
__end_of___flsub         text15       19E1
__end_of___fltol         text14       1D6A
__end_of___lldiv         text13       1C89
__end_of___llmod         text12       1BC8
__end_of___lwdiv         text8        1ADB
__end_of___lwmod         text7        103A
__end_of___wmul          text11       1A06
__end_of___xxtofl        text30       10F4
__end_of__div_to_l_      text10       2000
__end_of__initialization cinit        0034
__end_of__npowers_       strings      186E
__end_of__powers_        strings      183A
__end_of__stringtab      strings      1806
__end_of__tdiv_to_l_     text9        1F48
__end_of_byte            text21       1B22
__end_of_controle_pwm    text25       081D
__end_of_dpowers         strings      1896
__end_of_enable          text23       1A95
__end_of_fround          text6        15A8
__end_of_lcd_init        text20       07F4
__end_of_main            maintext     0958
__end_of_muda_pin        text24       1A5C
__end_of_nibble          text22       1DED
__end_of_scale           text3        1000
__end_of_sprintf         text2        0719
__end_of_velocidade      text1        1944
__initialization         cinit        000F
__npowers_               strings      183A
__pbssBANK1              bssBANK1     00ED
__pbssBANK3              bssBANK3     0190
__pbssCOMMON             bssCOMMON    007A
__pcstackBANK0           cstackBANK0  0020
__pcstackBANK1           cstackBANK1  00A0
__pcstackCOMMON          cstackCOMMON 0070
__pdataBANK3             dataBANK3    019E
__pidataBANK3            idataBANK3   07F4
__pintentry              intentry     0004
__pmaintext              maintext     081D
__powers_                strings      1806
__pstrings               strings      1800
__ptext1                 text1        193D
__ptext10                text10       1F48
__ptext11                text11       19E1
__ptext12                text12       1B72
__ptext13                text13       1C21
__ptext14                text14       1CF2
__ptext15                text15       19BD
__ptext16                text16       15A8
__ptext17                text17       1944
__ptext18                text18       1DED
__ptext19                text19       1B22
__ptext2                 text2        0038
__ptext20                text20       0719
__ptext21                text21       1ADB
__ptext22                text22       1D6A
__ptext23                text23       1A5C
__ptext24                text24       1A2F
__ptext25                text25       0802
__ptext26                text26       1971
__ptext27                text27       194F
__ptext28                text28       199E
__ptext29                text29       10F4
__ptext3                 text3        0C9D
__ptext30                text30       103A
__ptext31                text31       0958
__ptext32                text32       1A06
__ptext33                text33       11CC
__ptext34                text34       1985
__ptext4                 text4        1BC8
__ptext5                 text5        1C89
__ptext6                 text6        139B
__ptext7                 text7        1000
__ptext8                 text8        1A95
__ptext9                 text9        1E91
__stringbase             strings      1805
__stringtab              strings      1800
__tdiv_to_l_             text9        1E91
__tdiv_to_l_@cntr        cstackBANK0  0027
__tdiv_to_l_@exp1        cstackBANK0  0028
__tdiv_to_l_@f1          cstackCOMMON 0072
__tdiv_to_l_@f2          cstackCOMMON 0076
__tdiv_to_l_@quot        cstackBANK0  0023
_byte                    text21       1ADB
_controle_pwm            text25       0802
_dpowers                 strings      186E
_enable                  text23       1A5C
_fround                  text6        139B
_fround$1055             cstackBANK0  0062
_fround$1056             cstackBANK0  005E
_lcd_init                text20       0719
_lcd_pins                dataBANK3    019E
_main                    maintext     081D
_muda_pin                text24       1A2F
_nibble                  text22       1D6A
_port_data               bssBANK1     00ED
_port_en                 bssBANK3     0190
_port_rs                 bssBANK3     0192
_pwm_enabled             bssBANK1     00EF
_scale                   text3        0C9D
_scale$1057              cstackBANK0  0061
_sprintf                 text2        0038
_sprintf$1058            cstackBANK1  00AC
_velocidade              text1        193D
btemp                    (abs)        007E
byte@dado                cstackBANK0  0026
byte@escreve             cstackBANK0  0024
controle_pwm@ligado      cstackCOMMON 0072
end_of_initialization    cinit        0034
fround@prec              cstackBANK0  0066
init_fetch0              inittext     195E
init_ram0                inittext     1962
interrupt_function       intentry     0004
intlevel0                functab      0000
intlevel1                functab      0000
intlevel2                functab      0000
intlevel3                functab      0000
intlevel4                functab      0000
intlevel5                functab      0000
lcd_init@lcd_pins        cstackCOMMON 0079
main@buffer              cstackBANK1  00C7
main@c                   cstackBANK1  00E5
main@duty_cycle          cstackBANK1  00E8
main@i                   cstackBANK1  00E6
main@temp                cstackBANK1  00E9
muda_pin@_pin            cstackCOMMON 0074
muda_pin@_port           cstackCOMMON 0072
muda_pin@_val            cstackCOMMON 0076
nibble@dado              cstackBANK0  0020
reset_vec                reset_vec    0000
saved_w                  (abs)        007E
scale@scl                cstackBANK0  0065
sprintf@ap               cstackBANK1  00B0
sprintf@c                cstackBANK1  00C4
sprintf@eexp             cstackBANK1  00B9
sprintf@f                cstackBANK1  00A0
sprintf@flag             cstackBANK1  00B1
sprintf@fval             cstackBANK1  00C0
sprintf@prec             cstackBANK1  00B3
sprintf@sp               cstackBANK1  00BF
sprintf@tmpval           cstackBANK1  00BB
sprintf@val              cstackBANK1  00B5
start                    init         000C
start_initialization     cinit        000F
velocidade@duty          cstackCOMMON 0072
wtemp0                   (abs)        007E


MODULE INFORMATION

Module		Function		Class		Link	Load	Size
C:\Program Files\Microchip\xc8\v2.41\pic\sources\c90\common\sprcmul.c
		___flmul       		CODE           	0958	0000	837

C:\Program Files\Microchip\xc8\v2.41\pic\sources\c90\common\sprcmul.c estimated size: 837

C:\Program Files\Microchip\xc8\v2.41\pic\sources\c90\common\flge.c
		___flge        		CODE           	1DED	0000	164

C:\Program Files\Microchip\xc8\v2.41\pic\sources\c90\common\flge.c estimated size: 164

C:\Program Files\Microchip\xc8\v2.41\pic\sources\c90\common\sprcdiv.c
		___fldiv       		CODE           	11CC	0000	463

C:\Program Files\Microchip\xc8\v2.41\pic\sources\c90\common\sprcdiv.c estimated size: 463

C:\Program Files\Microchip\xc8\v2.41\pic\sources\c90\common\ftdivl.c
		__tdiv_to_l_   		CODE           	1E91	0000	183

C:\Program Files\Microchip\xc8\v2.41\pic\sources\c90\common\ftdivl.c estimated size: 183

C:\Program Files\Microchip\xc8\v2.41\pic\sources\c90\common\Umul16.c
		___wmul        		CODE           	19E1	0000	37

C:\Program Files\Microchip\xc8\v2.41\pic\sources\c90\common\Umul16.c estimated size: 37

C:\Program Files\Microchip\xc8\v2.41\pic\sources\c90\common\lwdiv.c
		___lwdiv       		CODE           	1A95	0000	70

C:\Program Files\Microchip\xc8\v2.41\pic\sources\c90\common\lwdiv.c estimated size: 70

C:\Program Files\Microchip\xc8\v2.41\pic\sources\c90\common\awdiv.c
		___awdiv       		CODE           	1C89	0000	105

C:\Program Files\Microchip\xc8\v2.41\pic\sources\c90\common\awdiv.c estimated size: 105

C:\Program Files\Microchip\xc8\v2.41\pic\sources\c90\common\fltol.c
		___fltol       		CODE           	1CF2	0000	120

C:\Program Files\Microchip\xc8\v2.41\pic\sources\c90\common\fltol.c estimated size: 120

C:\Program Files\Microchip\xc8\v2.41\pic\sources\c90\common\__lldiv.c
		___lldiv       		CODE           	1C21	0000	104

C:\Program Files\Microchip\xc8\v2.41\pic\sources\c90\common\__lldiv.c estimated size: 104

C:\Program Files\Microchip\xc8\v2.41\pic\sources\c90\common\sprcadd.c
		___flsub       		CODE           	19BD	0000	36
		___fladd       		CODE           	15A8	0000	600

C:\Program Files\Microchip\xc8\v2.41\pic\sources\c90\common\sprcadd.c estimated size: 636

controle.c
		_Timer0_init   		CODE           	194F	0000	15
		_Timers_ISR    		CODE           	1985	0000	25
		_UART_init     		CODE           	1971	0000	20
		_LM35          		CODE           	10F4	0000	216
		_main          		CODE           	081D	0000	315
		_controle_pwm  		CODE           	0802	0000	27
		_PWM_init      		CODE           	199E	0000	31
		_velocidade    		CODE           	193D	0000	7

controle.c estimated size: 656

C:\Program Files\Microchip\xc8\v2.41\pic\sources\c90\common\fldivl.c
		__div_to_l_    		CODE           	1F48	0000	184

C:\Program Files\Microchip\xc8\v2.41\pic\sources\c90\common\fldivl.c estimated size: 184

C:\Program Files\Microchip\xc8\v2.41\pic\sources\c90\common\fleq.c
		___fleq        		CODE           	1B22	0000	80

C:\Program Files\Microchip\xc8\v2.41\pic\sources\c90\common\fleq.c estimated size: 80

C:\Program Files\Microchip\xc8\v2.41\pic\sources\c90\common\xxtofl.c
		___xxtofl      		CODE           	103A	0000	186

C:\Program Files\Microchip\xc8\v2.41\pic\sources\c90\common\xxtofl.c estimated size: 186

C:\Program Files\Microchip\xc8\v2.41\pic\sources\c90\common\flneg.c
		___flneg       		CODE           	1944	0000	11

C:\Program Files\Microchip\xc8\v2.41\pic\sources\c90\common\flneg.c estimated size: 11

shared
		__stringtab    		STRING         	1800	0000	6
		__powers_      		STRING         	1806	0000	52
		_dpowers       		STRING         	186E	0000	40
		__npowers_     		STRING         	183A	0000	52
		__initialization		CODE           	000F	0000	37

shared estimated size: 187

C:\Program Files\Microchip\xc8\v2.41\pic\sources\c90\common\Umul8_16.c
		__Umul8_16     		CODE           	1A06	0000	41

C:\Program Files\Microchip\xc8\v2.41\pic\sources\c90\common\Umul8_16.c estimated size: 41

bibliotec_lcd.c
		_byte          		CODE           	1ADB	0000	71
		_enable        		CODE           	1A5C	0000	57
		_nibble        		CODE           	1D6A	0000	131
		_muda_pin      		CODE           	1A2F	0000	45
		_lcd_init      		CODE           	0719	0000	219

bibliotec_lcd.c estimated size: 523

C:\Program Files\Microchip\xc8\v2.41\pic\sources\c90\common\doprnt.c
		_scale         		CODE           	0C9D	0000	867
		_sprintf       		CODE           	0038	0000	1761
		_fround        		CODE           	139B	0000	525

C:\Program Files\Microchip\xc8\v2.41\pic\sources\c90\common\doprnt.c estimated size: 3153

C:\Program Files\Microchip\xc8\v2.41\pic\sources\c90\common\lwmod.c
		___lwmod       		CODE           	1000	0000	58

C:\Program Files\Microchip\xc8\v2.41\pic\sources\c90\common\lwmod.c estimated size: 58

C:\Program Files\Microchip\xc8\v2.41\pic\sources\c90\common\awmod.c
		___awmod       		CODE           	1BC8	0000	89

C:\Program Files\Microchip\xc8\v2.41\pic\sources\c90\common\awmod.c estimated size: 89

C:\Program Files\Microchip\xc8\v2.41\pic\sources\c90\common\llmod.c
		___llmod       		CODE           	1B72	0000	86

C:\Program Files\Microchip\xc8\v2.41\pic\sources\c90\common\llmod.c estimated size: 86

