Microchip MPLAB XC8 Compiler V2.41

Linker command line:

-W-3 \
  --edf=C:\Program Files\Microchip\xc8\v2.41\pic\dat\20230208172133_en.msgs \
  -cn -h+.ca/dist/Config_1/production\CONTROLE.X.production.sym \
  --cmf=.ca/dist/Config_1/production\CONTROLE.X.production.cmf -z -Q16F887 \
  -oC:\Users\Henrique\AppData\Local\Temp\xcAs9bk.\driver_tmp_3.o \
  --defsym=__MPLAB_BUILD=1 --fixupoverflow=error \
  -M.ca/dist/Config_1/production/CONTROLE.X.production.map \
  --md=C:\Users\Henrique\AppData\Local\Temp\xcAs9bk.\driver_tmp_0.dat -E1 \
  -ver=XC8 Compiler --acfsm=1493 -ACODE=00h-07FFhx4 -ASTRCODE=00h-01FFFh \
  -ASTRING=00h-0FFhx32 -ACONST=00h-0FFhx32 -AENTRY=00h-0FFhx32 \
  -ACOMMON=070h-07Fh -ABANK0=020h-06Fh -ABANK1=0A0h-0EFh \
  -ABANK2=0110h-016Fh -ABANK3=0190h-01EFh \
  -ARAM=020h-06Fh,0A0h-0EFh,0110h-016Fh,0190h-01EFh \
  -AABS1=020h-07Fh,0A0h-0EFh,0110h-016Fh,0190h-01EFh -ASFR0=00h-01Fh \
  -ASFR1=080h-09Fh -ASFR2=0100h-010Fh -ASFR3=0180h-018Fh \
  -ACONFIG=02007h-02008h -DCONFIG=2 -AIDLOC=02000h-02003h -DIDLOC=2 \
  -AEEDATA=00h-0FFh/02100h -peeprom_data=EEDATA -DEEDATA=2 -DCODE=2 \
  -DSTRCODE=2 -DSTRING=2 -DCONST=2 -DENTRY=2 \
  -preset_vec=00h,intentry=04h,init,end_init -ppowerup=CODE -pcinit=CODE \
  -pfunctab=ENTRY -k \
  C:\Users\Henrique\AppData\Local\Temp\xcAs9bk.\driver_tmp_17.o \
  .ca/dist/Config_1/production\CONTROLE.X.production.o 

Object code version is 3.11

Machine type is 16F887



                Name                               Link     Load   Length Selector   Space Scale
C:\Users\Henrique\AppData\Local\Temp\xcAs9bk.\driver_tmp_17.o
                end_init                              C        C        3        8       0
                reset_vec                             0        0        3        0       0
                config                             2007     2007        2        0       4
                idloc                              2000     2000        4        0       5
.ca/dist/Config_1/production\CONTROLE.X.production.o
                cinit                                 F        F       27        8       0
                intentry                              4        4        8        8       0
                config                             2007     2007        2        0       4
                idloc                              2000     2000        4        0       5
                text34                             1AF1     1AF1       14     35E2       0
                text33                              821      821      199     1042       0
                text32                             1B5D     1B5D       25     36BA       0
                text31                              9BA      9BA      2F9     1374       0
                text30                             1F5D     1F5D       A3     3EBA       0
                text29                             124F     124F       D4     249E       0
                text28                             1B1E     1B1E       1D     363C       0
                text27                             1AD1     1AD1        F     35A2       0
                text26                              7EB      7EB       14        8       0
                text25                             1B05     1B05       19     360A       0
                text24                             1B82     1B82       2B     3704       0
                text23                             1BDF     1BDF       39     37BE       0
                text22                             1E47     1E47       81     3C8E       0
                text21                             1C56     1C56       45     38AC       0
                text20                             1323     1323       DB     2646       0
                text19                             1C9B     1C9B       4A     3936       0
                text18                             1EC8     1EC8       95     3D90       0
                text17                             1ABC     1ABC        9     3578       0
                text16                             13FE     13FE      1FF     27FC       0
                text15                             1B3B     1B3B       22     3676       0
                text14                             1DDE     1DDE       69     3BBC       0
                text13                             1D7E     1D7E       60     3AFC       0
                text12                             1D30     1D30       4E     3A60       0
                text11                              800      800       21     1000       0
                text10                             11AB     11AB       A4     2356       0
                text9                              1108     1108       A3     2210       0
                text8                              1C18     1C18       3E     3830       0
                text7                              1BAD     1BAD       32     375A       0
                text6                              15FD     15FD      203     2BFA       0
                text5                              10AD     10AD       5B     215A       0
                text4                              1CE5     1CE5       4B     39CA       0
                text3                               CB3      CB3      34D     1966       0
                text2                                36       36      698        8       0
                text1                              1AB5     1AB5        7     356A       0
                maintext                            6CE      6CE      11D        8       0
                cstackBANK0                          20       20       50       20       1
                cstackCOMMON                         70       70        A       70       1
                cstackBANK1                          A0       A0       4D       A0       1
                inittext                           1AE0     1AE0       11     35C0       0
                dataBANK3                           19E      19E        C      190       1
                bssBANK3                            190      190        E      190       1
                bssBANK1                             ED       ED        3       A0       1
                bssCOMMON                            7A       7A        2       70       1
                strings                            1000     1000       AD     2000       0
                idataBANK3                         1AC5     1AC5        C     358A       0

TOTAL           Name                               Link     Load   Length     Space
        CLASS   CODE           
                end_init                              C        C        3         0
                cinit                                 F        F       27         0
                intentry                              4        4        8         0
                reset_vec                             0        0        3         0
                text34                             1AF1     1AF1       14         0
                text33                              821      821      199         0
                text32                             1B5D     1B5D       25         0
                text31                              9BA      9BA      2F9         0
                text30                             1F5D     1F5D       A3         0
                text29                             124F     124F       D4         0
                text28                             1B1E     1B1E       1D         0
                text27                             1AD1     1AD1        F         0
                text26                              7EB      7EB       14         0
                text25                             1B05     1B05       19         0
                text24                             1B82     1B82       2B         0
                text23                             1BDF     1BDF       39         0
                text22                             1E47     1E47       81         0
                text21                             1C56     1C56       45         0
                text20                             1323     1323       DB         0
                text19                             1C9B     1C9B       4A         0
                text18                             1EC8     1EC8       95         0
                text17                             1ABC     1ABC        9         0
                text16                             13FE     13FE      1FF         0
                text15                             1B3B     1B3B       22         0
                text14                             1DDE     1DDE       69         0
                text13                             1D7E     1D7E       60         0
                text12                             1D30     1D30       4E         0
                text11                              800      800       21         0
                text10                             11AB     11AB       A4         0
                text9                              1108     1108       A3         0
                text8                              1C18     1C18       3E         0
                text7                              1BAD     1BAD       32         0
                text6                              15FD     15FD      203         0
                text5                              10AD     10AD       5B         0
                text4                              1CE5     1CE5       4B         0
                text3                               CB3      CB3      34D         0
                text2                                36       36      698         0
                text1                              1AB5     1AB5        7         0
                maintext                            6CE      6CE      11D         0
                inittext                           1AE0     1AE0       11         0
                idataBANK3                         1AC5     1AC5        C         0

        CLASS   STRCODE        

        CLASS   STRING         
                strings                            1000     1000       AD         0

        CLASS   CONST          

        CLASS   ENTRY          

        CLASS   COMMON         
                cstackCOMMON                         70       70        A         1
                bssCOMMON                            7A       7A        2         1

        CLASS   BANK0          
                cstackBANK0                          20       20       50         1

        CLASS   BANK1          
                cstackBANK1                          A0       A0       4D         1
                bssBANK1                             ED       ED        3         1

        CLASS   BANK2          

        CLASS   BANK3          
                dataBANK3                           19E      19E        C         1
                bssBANK3                            190      190        E         1

        CLASS   RAM            

        CLASS   ABS1           
                abs_s1                               7E       7E        2         1

        CLASS   SFR0           

        CLASS   SFR1           

        CLASS   SFR2           

        CLASS   SFR3           

        CLASS   CONFIG         
                config                             2007     2007        2         4

        CLASS   IDLOC          
                idloc                              2000     2000        4         5

        CLASS   EEDATA         

        CLASS   STACK          



SEGMENTS        Name                           Load    Length   Top    Selector   Space  Class     Delta

                reset_vec                      000000  000003  000003         0       0  CODE        2
                intentry                       000004  0007FB  0007FF         8       0  CODE        2
                cstackBANK0                    000020  000050  000070        20       1  BANK0       1
                cstackCOMMON                   000070  00000C  00007C        70       1  COMMON      1
                cstackBANK1                    0000A0  000050  0000F0        A0       1  BANK1       1
                bssBANK3                       000190  00001A  0001AA       190       1  BANK3       1
                text11                         000800  000021  000821      1000       0  CODE        2
                text33                         000821  000199  0009BA      1042       0  CODE        2
                text31                         0009BA  0002F9  000CB3      1374       0  CODE        2
                text3                          000CB3  00034D  001000      1966       0  CODE        2
                strings                        001000  0000AD  0010AD      2000       0  STRING      2
                text5                          0010AD  00005B  001108      215A       0  CODE        2
                text9                          001108  0000A3  0011AB      2210       0  CODE        2
                text10                         0011AB  0000A4  00124F      2356       0  CODE        2
                text29                         00124F  0000D4  001323      249E       0  CODE        2
                text20                         001323  0000DB  0013FE      2646       0  CODE        2
                text16                         0013FE  0001FF  0015FD      27FC       0  CODE        2
                text6                          0015FD  000203  001800      2BFA       0  CODE        2
                text1                          001AB5  000007  001ABC      356A       0  CODE        2
                text17                         001ABC  000009  001AC5      3578       0  CODE        2
                idataBANK3                     001AC5  00000C  001AD1      358A       0  CODE        2
                text27                         001AD1  00000F  001AE0      35A2       0  CODE        2
                inittext                       001AE0  000011  001AF1      35C0       0  CODE        2
                text34                         001AF1  000014  001B05      35E2       0  CODE        2
                text25                         001B05  000019  001B1E      360A       0  CODE        2
                text28                         001B1E  00001D  001B3B      363C       0  CODE        2
                text15                         001B3B  000022  001B5D      3676       0  CODE        2
                text32                         001B5D  000025  001B82      36BA       0  CODE        2
                text24                         001B82  00002B  001BAD      3704       0  CODE        2
                text7                          001BAD  000032  001BDF      375A       0  CODE        2
                text23                         001BDF  000039  001C18      37BE       0  CODE        2
                text8                          001C18  00003E  001C56      3830       0  CODE        2
                text21                         001C56  000045  001C9B      38AC       0  CODE        2
                text19                         001C9B  00004A  001CE5      3936       0  CODE        2
                text4                          001CE5  00004B  001D30      39CA       0  CODE        2
                text12                         001D30  00004E  001D7E      3A60       0  CODE        2
                text13                         001D7E  000060  001DDE      3AFC       0  CODE        2
                text14                         001DDE  000069  001E47      3BBC       0  CODE        2
                text22                         001E47  000081  001EC8      3C8E       0  CODE        2
                text18                         001EC8  000095  001F5D      3D90       0  CODE        2
                text30                         001F5D  0000A3  002000      3EBA       0  CODE        2


UNUSED ADDRESS RANGES

        Name                Unused          Largest block    Delta
        BANK2            0110-016F             60           1
        BANK3            01AA-01EF             46           1
        CODE             0003-0003              1           2
                         07FF-07FF              1
                         1800-1AB4            2B5
        COMMON           007C-007D              2           1
        CONST            0003-0003              1           2
                         07FF-07FF              1
                         1800-1AB4            100
        EEDATA           2100-21FF            100           2
        ENTRY            0003-0003              1           2
                         07FF-07FF              1
                         1800-1AB4            100
        RAM              0110-016F             60           1
                         01AA-01EF             46
        SFR0             0000-001F             20           1
        SFR1             0080-009F             20           1
        SFR2             0100-010F             10           1
        SFR3             0180-018F             10           1
        STRCODE          0003-0003              1           2
                         07FF-07FF              1
                         1800-1AB4            2B5
        STRING           0003-0003              1           2
                         07FF-07FF              1
                         1800-1AB4            100

                                  Symbol Table

?_LM35                   cstackBANK1  00A0
?__Umul8_16              cstackCOMMON 0072
?___awdiv                cstackBANK0  0020
?___awmod                cstackCOMMON 0072
?___fladd                cstackBANK0  0025
?___fldiv                cstackBANK0  0053
?___flmul                cstackBANK0  0039
?___flneg                cstackCOMMON 0072
?___flsub                cstackBANK0  0039
?___fltol                cstackBANK0  0066
?___lldiv                cstackCOMMON 0072
?___llmod                cstackBANK0  0026
?___lwdiv                cstackBANK0  0020
?___lwmod                cstackCOMMON 0072
?___wmul                 cstackCOMMON 0072
?___xxtofl               cstackCOMMON 0072
?__div_to_l_             cstackCOMMON 0072
?__tdiv_to_l_            cstackCOMMON 0072
?_fround                 cstackBANK0  0053
?_scale                  cstackBANK0  0053
?_sprintf                cstackBANK1  00A0
LM35@adc_val             cstackBANK1  00B2
LM35@temperatura         cstackBANK1  00AA
_ADCS0                   (abs)        00FE
_ADCS1                   (abs)        00FF
_ADFM                    (abs)        04FF
_ADON                    (abs)        00F8
_ADRESH                  (abs)        001E
_ADRESL                  (abs)        009E
_ANSELH                  (abs)        0189
_CCP1CON                 (abs)        0017
_CCPR1L                  (abs)        0015
_CHS0                    (abs)        00FA
_CHS1                    (abs)        00FB
_CHS2                    (abs)        00FC
_CHS3                    (abs)        00FD
_D4                      bssBANK3     019A
_D5                      bssBANK3     0198
_D6                      bssBANK3     0196
_D7                      bssBANK3     0194
_EN                      bssCOMMON    007A
_GIE                     (abs)        005F
_GO_DONE                 (abs)        00F9
_INTCONbits              (abs)        000B
_LM35                    text29       124F
_LM35$1054               cstackBANK1  00AE
_PORTB                   (abs)        0006
_PR2                     (abs)        0092
_PS0                     (abs)        0408
_PS1                     (abs)        0409
_PS2                     (abs)        040A
_PSA                     (abs)        040B
_PWM_init                text28       1B1E
_RC3                     (abs)        003B
_RCIF                    (abs)        0065
_RCREG                   (abs)        001A
_RCSTAbits               (abs)        0018
_RS                      bssBANK3     019C
_SPBRG                   (abs)        0099
_T0CS                    (abs)        040D
_T0IE                    (abs)        005D
_T0IF                    (abs)        005A
_T2CON                   (abs)        0012
_TMR0                    (abs)        0001
_TMR2                    (abs)        0011
_TMR2IF                  (abs)        0061
_TRISB                   (abs)        0086
_TRISC2                  (abs)        043A
_TRISCbits               (abs)        0087
_TXREG                   (abs)        0019
_TXSTAbits               (abs)        0098
_Timer0_init             text27       1AD1
_Timers_ISR              text34       1AF1
_UART_init               text26       07EB
__H__absolute__          __absolute__ 0000
__Habs1                  abs1         0000
__Hbank0                 bank0        0000
__Hbank1                 bank1        0000
__Hbank2                 bank2        0000
__Hbank3                 bank3        0000
__HbssBANK1              bssBANK1     0000
__HbssBANK3              bssBANK3     0000
__HbssCOMMON             bssCOMMON    0000
__Hcinit                 cinit        0036
__Hclrtext               clrtext      0000
__Hcode                  code         0000
__Hcommon                common       0000
__Hconfig                config       2009
__HcstackBANK0           cstackBANK0  0000
__HcstackBANK1           cstackBANK1  0000
__HcstackCOMMON          cstackCOMMON 0000
__HdataBANK3             dataBANK3    0000
__Heeprom_data           eeprom_data  0000
__Hend_init              end_init     000F
__Hfunctab               functab      0000
__HidataBANK3            idataBANK3   0000
__Hidloc                 idloc        2004
__Hinit                  init         000C
__Hinittext              inittext     0000
__Hintentry              intentry     000C
__Hmaintext              maintext     0000
__Hpowerup               powerup      0000
__Hram                   ram          0000
__Hreset_vec             reset_vec    0003
__Hsfr0                  sfr0         0000
__Hsfr1                  sfr1         0000
__Hsfr2                  sfr2         0000
__Hsfr3                  sfr3         0000
__Hspace_0               (abs)        2000
__Hspace_1               (abs)        01AA
__Hspace_2               (abs)        0000
__Hspace_3               (abs)        0000
__Hspace_4               (abs)        4010
__Hstack                 stack        0000
__Hstrings               strings      0000
__Htext                  text         0000
__L__absolute__          __absolute__ 0000
__Labs1                  abs1         0000
__Lbank0                 bank0        0000
__Lbank1                 bank1        0000
__Lbank2                 bank2        0000
__Lbank3                 bank3        0000
__LbssBANK1              bssBANK1     0000
__LbssBANK3              bssBANK3     0000
__LbssCOMMON             bssCOMMON    0000
__Lcinit                 cinit        000F
__Lclrtext               clrtext      0000
__Lcode                  code         0000
__Lcommon                common       0000
__Lconfig                config       0000
__LcstackBANK0           cstackBANK0  0000
__LcstackBANK1           cstackBANK1  0000
__LcstackCOMMON          cstackCOMMON 0000
__LdataBANK3             dataBANK3    0000
__Leeprom_data           eeprom_data  0000
__Lend_init              end_init     000C
__Lfunctab               functab      0000
__LidataBANK3            idataBANK3   0000
__Lidloc                 idloc        0000
__Linit                  init         000C
__Linittext              inittext     0000
__Lintentry              intentry     0004
__Lmaintext              maintext     0000
__Lpowerup               powerup      0000
__Lram                   ram          0000
__Lreset_vec             reset_vec    0000
__Lsfr0                  sfr0         0000
__Lsfr1                  sfr1         0000
__Lsfr2                  sfr2         0000
__Lsfr3                  sfr3         0000
__Lspace_0               (abs)        0000
__Lspace_1               (abs)        0000
__Lspace_2               (abs)        0000
__Lspace_3               (abs)        0000
__Lspace_4               (abs)        0000
__Lstack                 stack        0000
__Lstrings               strings      0000
__Ltext                  text         0000
__S0                     (abs)        2000
__S1                     (abs)        01AA
__S3                     (abs)        0000
__Umul8_16               text32       1B5D
__Umul8_16@multiplicand  cstackCOMMON 0072
__Umul8_16@multiplier    cstackBANK0  0024
__Umul8_16@product       cstackBANK0  0020
__Umul8_16@word_mpld     cstackBANK0  0022
___awdiv                 text5        10AD
___awdiv@counter         cstackBANK0  0024
___awdiv@dividend        cstackBANK0  0022
___awdiv@divisor         cstackBANK0  0020
___awdiv@quotient        cstackBANK0  0026
___awdiv@sign            cstackBANK0  0025
___awmod                 text4        1CE5
___awmod@counter         cstackCOMMON 0076
___awmod@dividend        cstackCOMMON 0074
___awmod@divisor         cstackCOMMON 0072
___awmod@sign            cstackCOMMON 0077
___fladd                 text16       13FE
___fladd@a               cstackBANK0  0029
___fladd@aexp            cstackBANK0  0036
___fladd@b               cstackBANK0  0025
___fladd@bexp            cstackBANK0  0037
___fladd@grs             cstackBANK0  0038
___fladd@signs           cstackBANK0  0035
___fldiv                 text33       0821
___fldiv@a               cstackBANK0  0053
___fldiv@aexp            cstackBANK0  006C
___fldiv@b               cstackBANK0  0057
___fldiv@bexp            cstackBANK0  006B
___fldiv@grs             cstackBANK0  0067
___fldiv@new_exp         cstackBANK0  0065
___fldiv@rem             cstackBANK0  0060
___fldiv@sign            cstackBANK0  0064
___fleq                  text19       1C9B
___fleq@ff1              cstackCOMMON 0072
___fleq@ff2              cstackCOMMON 0076
___flge                  text18       1EC8
___flge@ff1              cstackCOMMON 0072
___flge@ff2              cstackCOMMON 0076
___flmul                 text31       09BA
___flmul@a               cstackBANK0  003D
___flmul@aexp            cstackBANK0  0047
___flmul@b               cstackBANK0  0039
___flmul@bexp            cstackBANK0  004C
___flmul@grs             cstackBANK0  0048
___flmul@prod            cstackBANK0  004D
___flmul@sign            cstackBANK0  0046
___flmul@temp            cstackBANK0  0051
___flneg                 text17       1ABC
___flneg@f1              cstackCOMMON 0072
___flsub                 text15       1B3B
___flsub@a               cstackBANK0  0039
___flsub@b               cstackBANK0  003D
___fltol                 text14       1DDE
___fltol@exp1            cstackBANK0  006F
___fltol@f1              cstackBANK0  0066
___fltol@sign1           cstackBANK0  006E
___int_sp                stack        0000
___latbits               (abs)        0002
___lldiv                 text13       1D7E
___lldiv@counter         cstackBANK0  0025
___lldiv@dividend        cstackCOMMON 0076
___lldiv@divisor         cstackCOMMON 0072
___lldiv@quotient        cstackBANK0  0021
___llmod                 text12       1D30
___llmod@counter         cstackBANK0  002F
___llmod@dividend        cstackBANK0  002A
___llmod@divisor         cstackBANK0  0026
___lwdiv                 text8        1C18
___lwdiv@counter         cstackCOMMON 0077
___lwdiv@dividend        cstackBANK0  0022
___lwdiv@divisor         cstackBANK0  0020
___lwdiv@quotient        cstackCOMMON 0078
___lwmod                 text7        1BAD
___lwmod@counter         cstackCOMMON 0076
___lwmod@dividend        cstackCOMMON 0074
___lwmod@divisor         cstackCOMMON 0072
___sp                    stack        0000
___stackhi               (abs)        0000
___stacklo               (abs)        0000
___wmul                  text11       0800
___wmul@multiplicand     cstackCOMMON 0074
___wmul@multiplier       cstackCOMMON 0072
___wmul@product          cstackCOMMON 0076
___xxtofl                text30       1F5D
___xxtofl@arg            cstackBANK0  0022
___xxtofl@exp            cstackBANK0  0021
___xxtofl@sign           cstackBANK0  0020
___xxtofl@val            cstackCOMMON 0072
__div_to_l_              text10       11AB
__div_to_l_@cntr         cstackBANK0  0025
__div_to_l_@exp1         cstackBANK0  0026
__div_to_l_@f1           cstackCOMMON 0072
__div_to_l_@f2           cstackCOMMON 0076
__div_to_l_@quot         cstackBANK0  0021
__end_of_LM35            text29       1323
__end_of_PWM_init        text28       1B3B
__end_of_Timer0_init     text27       1AE0
__end_of_Timers_ISR      text34       1B05
__end_of_UART_init       text26       07FF
__end_of__Umul8_16       text32       1B82
__end_of___awdiv         text5        1108
__end_of___awmod         text4        1D30
__end_of___fladd         text16       15FD
__end_of___fldiv         text33       09BA
__end_of___fleq          text19       1CE5
__end_of___flge          text18       1F5D
__end_of___flmul         text31       0CB3
__end_of___flneg         text17       1AC5
__end_of___flsub         text15       1B5D
__end_of___fltol         text14       1E47
__end_of___lldiv         text13       1DDE
__end_of___llmod         text12       1D7E
__end_of___lwdiv         text8        1C56
__end_of___lwmod         text7        1BDF
__end_of___wmul          text11       0821
__end_of___xxtofl        text30       2000
__end_of__div_to_l_      text10       124F
__end_of__initialization cinit        0032
__end_of__npowers_       strings      106E
__end_of__powers_        strings      103A
__end_of__stringtab      strings      1006
__end_of__tdiv_to_l_     text9        11AB
__end_of_byte            text21       1C9B
__end_of_controle_pwm    text25       1B1E
__end_of_dpowers         strings      1096
__end_of_enable          text23       1C18
__end_of_fround          text6        1800
__end_of_lcd_init        text20       13FE
__end_of_main            maintext     07EB
__end_of_muda_pin        text24       1BAD
__end_of_nibble          text22       1EC8
__end_of_scale           text3        1000
__end_of_sprintf         text2        06CE
__end_of_velocidade      text1        1ABC
__initialization         cinit        000F
__npowers_               strings      103A
__pbssBANK1              bssBANK1     00ED
__pbssBANK3              bssBANK3     0190
__pbssCOMMON             bssCOMMON    007A
__pcstackBANK0           cstackBANK0  0020
__pcstackBANK1           cstackBANK1  00A0
__pcstackCOMMON          cstackCOMMON 0070
__pdataBANK3             dataBANK3    019E
__pidataBANK3            idataBANK3   1AC5
__pintentry              intentry     0004
__pmaintext              maintext     06CE
__powers_                strings      1006
__pstrings               strings      1000
__ptext1                 text1        1AB5
__ptext10                text10       11AB
__ptext11                text11       0800
__ptext12                text12       1D30
__ptext13                text13       1D7E
__ptext14                text14       1DDE
__ptext15                text15       1B3B
__ptext16                text16       13FE
__ptext17                text17       1ABC
__ptext18                text18       1EC8
__ptext19                text19       1C9B
__ptext2                 text2        0036
__ptext20                text20       1323
__ptext21                text21       1C56
__ptext22                text22       1E47
__ptext23                text23       1BDF
__ptext24                text24       1B82
__ptext25                text25       1B05
__ptext26                text26       07EB
__ptext27                text27       1AD1
__ptext28                text28       1B1E
__ptext29                text29       124F
__ptext3                 text3        0CB3
__ptext30                text30       1F5D
__ptext31                text31       09BA
__ptext32                text32       1B5D
__ptext33                text33       0821
__ptext34                text34       1AF1
__ptext4                 text4        1CE5
__ptext5                 text5        10AD
__ptext6                 text6        15FD
__ptext7                 text7        1BAD
__ptext8                 text8        1C18
__ptext9                 text9        1108
__stringbase             strings      1005
__stringtab              strings      1000
__tdiv_to_l_             text9        1108
__tdiv_to_l_@cntr        cstackBANK0  0027
__tdiv_to_l_@exp1        cstackBANK0  0028
__tdiv_to_l_@f1          cstackCOMMON 0072
__tdiv_to_l_@f2          cstackCOMMON 0076
__tdiv_to_l_@quot        cstackBANK0  0023
_byte                    text21       1C56
_controle_pwm            text25       1B05
_dpowers                 strings      106E
_enable                  text23       1BDF
_fround                  text6        15FD
_fround$1055             cstackBANK0  0062
_fround$1056             cstackBANK0  005E
_lcd_init                text20       1323
_lcd_pins                dataBANK3    019E
_main                    maintext     06CE
_muda_pin                text24       1B82
_nibble                  text22       1E47
_port_data               bssBANK1     00ED
_port_en                 bssBANK3     0190
_port_rs                 bssBANK3     0192
_pwm_enabled             bssBANK1     00EF
_scale                   text3        0CB3
_scale$1057              cstackBANK0  0061
_sprintf                 text2        0036
_sprintf$1058            cstackBANK1  00AC
_velocidade              text1        1AB5
btemp                    (abs)        007E
byte@dado                cstackBANK0  0026
byte@escreve             cstackBANK0  0024
controle_pwm@ligado      cstackCOMMON 0072
end_of_initialization    cinit        0032
fround@prec              cstackBANK0  0066
init_fetch0              inittext     1AE0
init_ram0                inittext     1AE4
interrupt_function       intentry     0004
intlevel0                functab      0000
intlevel1                functab      0000
intlevel2                functab      0000
intlevel3                functab      0000
intlevel4                functab      0000
intlevel5                functab      0000
lcd_init@lcd_pins        cstackCOMMON 0079
main@buffer              cstackBANK1  00C7
main@c                   cstackBANK1  00E5
main@duty_cycle          cstackBANK1  00E8
main@i                   cstackBANK1  00E6
main@temp                cstackBANK1  00E9
muda_pin@_pin            cstackCOMMON 0074
muda_pin@_port           cstackCOMMON 0072
muda_pin@_val            cstackCOMMON 0076
nibble@dado              cstackBANK0  0020
reset_vec                reset_vec    0000
saved_w                  (abs)        007E
scale@scl                cstackBANK0  0065
sprintf@ap               cstackBANK1  00B0
sprintf@c                cstackBANK1  00C4
sprintf@eexp             cstackBANK1  00B9
sprintf@f                cstackBANK1  00A0
sprintf@flag             cstackBANK1  00B1
sprintf@fval             cstackBANK1  00C0
sprintf@prec             cstackBANK1  00B3
sprintf@sp               cstackBANK1  00BF
sprintf@tmpval           cstackBANK1  00BB
sprintf@val              cstackBANK1  00B5
start                    init         000C
start_initialization     cinit        000F
velocidade@duty          cstackCOMMON 0072
wtemp0                   (abs)        007E


MODULE INFORMATION

Module		Function		Class		Link	Load	Size
C:\Program Files\Microchip\xc8\v2.41\pic\sources\c90\common\sprcmul.c
		___flmul       		CODE           	09BA	0000	761

C:\Program Files\Microchip\xc8\v2.41\pic\sources\c90\common\sprcmul.c estimated size: 761

C:\Program Files\Microchip\xc8\v2.41\pic\sources\c90\common\flge.c
		___flge        		CODE           	1EC8	0000	149

C:\Program Files\Microchip\xc8\v2.41\pic\sources\c90\common\flge.c estimated size: 149

C:\Program Files\Microchip\xc8\v2.41\pic\sources\c90\common\sprcdiv.c
		___fldiv       		CODE           	0821	0000	409

C:\Program Files\Microchip\xc8\v2.41\pic\sources\c90\common\sprcdiv.c estimated size: 409

C:\Program Files\Microchip\xc8\v2.41\pic\sources\c90\common\ftdivl.c
		__tdiv_to_l_   		CODE           	1108	0000	163

C:\Program Files\Microchip\xc8\v2.41\pic\sources\c90\common\ftdivl.c estimated size: 163

C:\Program Files\Microchip\xc8\v2.41\pic\sources\c90\common\Umul16.c
		___wmul        		CODE           	0800	0000	33

C:\Program Files\Microchip\xc8\v2.41\pic\sources\c90\common\Umul16.c estimated size: 33

C:\Program Files\Microchip\xc8\v2.41\pic\sources\c90\common\lwdiv.c
		___lwdiv       		CODE           	1C18	0000	62

C:\Program Files\Microchip\xc8\v2.41\pic\sources\c90\common\lwdiv.c estimated size: 62

C:\Program Files\Microchip\xc8\v2.41\pic\sources\c90\common\awdiv.c
		___awdiv       		CODE           	10AD	0000	91

C:\Program Files\Microchip\xc8\v2.41\pic\sources\c90\common\awdiv.c estimated size: 91

C:\Program Files\Microchip\xc8\v2.41\pic\sources\c90\common\fltol.c
		___fltol       		CODE           	1DDE	0000	105

C:\Program Files\Microchip\xc8\v2.41\pic\sources\c90\common\fltol.c estimated size: 105

C:\Program Files\Microchip\xc8\v2.41\pic\sources\c90\common\__lldiv.c
		___lldiv       		CODE           	1D7E	0000	96

C:\Program Files\Microchip\xc8\v2.41\pic\sources\c90\common\__lldiv.c estimated size: 96

C:\Program Files\Microchip\xc8\v2.41\pic\sources\c90\common\sprcadd.c
		___flsub       		CODE           	1B3B	0000	34
		___fladd       		CODE           	13FE	0000	511

C:\Program Files\Microchip\xc8\v2.41\pic\sources\c90\common\sprcadd.c estimated size: 545

controle.c
		_Timer0_init   		CODE           	1AD1	0000	15
		_Timers_ISR    		CODE           	1AF1	0000	20
		_UART_init     		CODE           	07EB	0000	20
		_LM35          		CODE           	124F	0000	212
		_main          		CODE           	06CE	0000	285
		_controle_pwm  		CODE           	1B05	0000	25
		_PWM_init      		CODE           	1B1E	0000	29
		_velocidade    		CODE           	1AB5	0000	7

controle.c estimated size: 613

C:\Program Files\Microchip\xc8\v2.41\pic\sources\c90\common\fldivl.c
		__div_to_l_    		CODE           	11AB	0000	164

C:\Program Files\Microchip\xc8\v2.41\pic\sources\c90\common\fldivl.c estimated size: 164

C:\Program Files\Microchip\xc8\v2.41\pic\sources\c90\common\fleq.c
		___fleq        		CODE           	1C9B	0000	74

C:\Program Files\Microchip\xc8\v2.41\pic\sources\c90\common\fleq.c estimated size: 74

C:\Program Files\Microchip\xc8\v2.41\pic\sources\c90\common\xxtofl.c
		___xxtofl      		CODE           	1F5D	0000	163

C:\Program Files\Microchip\xc8\v2.41\pic\sources\c90\common\xxtofl.c estimated size: 163

C:\Program Files\Microchip\xc8\v2.41\pic\sources\c90\common\flneg.c
		___flneg       		CODE           	1ABC	0000	9

C:\Program Files\Microchip\xc8\v2.41\pic\sources\c90\common\flneg.c estimated size: 9

shared
		__stringtab    		STRING         	1000	0000	6
		__powers_      		STRING         	1006	0000	52
		_dpowers       		STRING         	106E	0000	40
		__npowers_     		STRING         	103A	0000	52
		__initialization		CODE           	000F	0000	35

shared estimated size: 185

C:\Program Files\Microchip\xc8\v2.41\pic\sources\c90\common\Umul8_16.c
		__Umul8_16     		CODE           	1B5D	0000	37

C:\Program Files\Microchip\xc8\v2.41\pic\sources\c90\common\Umul8_16.c estimated size: 37

bibliotec_lcd.c
		_byte          		CODE           	1C56	0000	69
		_enable        		CODE           	1BDF	0000	57
		_nibble        		CODE           	1E47	0000	129
		_muda_pin      		CODE           	1B82	0000	43
		_lcd_init      		CODE           	1323	0000	219

bibliotec_lcd.c estimated size: 517

C:\Program Files\Microchip\xc8\v2.41\pic\sources\c90\common\doprnt.c
		_scale         		CODE           	0CB3	0000	845
		_sprintf       		CODE           	0036	0000	1688
		_fround        		CODE           	15FD	0000	515

C:\Program Files\Microchip\xc8\v2.41\pic\sources\c90\common\doprnt.c estimated size: 3048

C:\Program Files\Microchip\xc8\v2.41\pic\sources\c90\common\lwmod.c
		___lwmod       		CODE           	1BAD	0000	50

C:\Program Files\Microchip\xc8\v2.41\pic\sources\c90\common\lwmod.c estimated size: 50

C:\Program Files\Microchip\xc8\v2.41\pic\sources\c90\common\awmod.c
		___awmod       		CODE           	1CE5	0000	75

C:\Program Files\Microchip\xc8\v2.41\pic\sources\c90\common\awmod.c estimated size: 75

C:\Program Files\Microchip\xc8\v2.41\pic\sources\c90\common\llmod.c
		___llmod       		CODE           	1D30	0000	78

C:\Program Files\Microchip\xc8\v2.41\pic\sources\c90\common\llmod.c estimated size: 78

